Archive member included because of file (symbol)

lib/lib.a(ctype.o)            kernel/kernel.o (_ctype)
lib/lib.a(_exit.o)            init/main.o (_exit)
lib/lib.a(open.o)             init/main.o (open)
lib/lib.a(close.o)            init/main.o (close)
lib/lib.a(errno.o)            init/main.o (errno)
lib/lib.a(write.o)            init/main.o (write)
lib/lib.a(dup.o)              init/main.o (dup)
lib/lib.a(setsid.o)           init/main.o (setsid)
lib/lib.a(execve.o)           init/main.o (execve)
lib/lib.a(wait.o)             init/main.o (wait)
lib/lib.a(string.o)           kernel/kernel.o (memcpy)

Allocating common symbols
Common symbol       size              file

clipboard           0xc8              kernel/kernel.o
ls_files            0x140             kernel/kernel.o
errno               0x4               lib/lib.a(errno.o)
hash_table          0x4cc             fs/fs.o
___strtok           0x4               lib/lib.a(string.o)
root_node           0x4               kernel/kernel.o
is_dir              0xa               kernel/kernel.o
encryption_key      0x400             kernel/kernel.o
user_stack          0x1000            kernel/kernel.o
current_dir_path    0x16              kernel/kernel.o
_ctmp               0x1               lib/lib.a(ctype.o)
children_inodes     0x14              kernel/kernel.o
cliboard_cursor     0x4               kernel/kernel.o
super_block         0x340             fs/fs.o
file_table          0x400             fs/fs.o

Discarded input sections

 .note.GNU-stack
                0x0000000000000000        0x0 init/main.o
 .note.GNU-stack
                0x0000000000000000        0x0 kernel/kernel.o
 .note.GNU-stack
                0x0000000000000000        0x0 mm/mm.o
 .note.GNU-stack
                0x0000000000000000        0x0 fs/fs.o
 .note.GNU-stack
                0x0000000000000000        0x0 lib/lib.a(ctype.o)
 .note.GNU-stack
                0x0000000000000000        0x0 lib/lib.a(_exit.o)
 .note.GNU-stack
                0x0000000000000000        0x0 lib/lib.a(open.o)
 .note.GNU-stack
                0x0000000000000000        0x0 lib/lib.a(close.o)
 .note.GNU-stack
                0x0000000000000000        0x0 lib/lib.a(errno.o)
 .note.GNU-stack
                0x0000000000000000        0x0 lib/lib.a(write.o)
 .note.GNU-stack
                0x0000000000000000        0x0 lib/lib.a(dup.o)
 .note.GNU-stack
                0x0000000000000000        0x0 lib/lib.a(setsid.o)
 .note.GNU-stack
                0x0000000000000000        0x0 lib/lib.a(execve.o)
 .note.GNU-stack
                0x0000000000000000        0x0 lib/lib.a(wait.o)
 .note.GNU-stack
                0x0000000000000000        0x0 lib/lib.a(string.o)

Memory Configuration

Name             Origin             Length             Attributes
*default*        0x0000000000000000 0xffffffffffffffff

Linker script and memory map

Address of section .text set to 0x0
LOAD boot/head.o
LOAD init/main.o
LOAD kernel/kernel.o
LOAD mm/mm.o
LOAD fs/fs.o
LOAD lib/lib.a
                0x0000000008048000                PROVIDE (__executable_start, 0x8048000)
                0x0000000008048094                . = (0x8048000 + SIZEOF_HEADERS)

.interp
 *(.interp)

.note.gnu.build-id
 *(.note.gnu.build-id)

.hash
 *(.hash)

.gnu.hash
 *(.gnu.hash)

.dynsym
 *(.dynsym)

.dynstr
 *(.dynstr)

.gnu.version
 *(.gnu.version)

.gnu.version_d
 *(.gnu.version_d)

.gnu.version_r
 *(.gnu.version_r)

.rel.dyn        0x0000000008048094        0x0
 *(.rel.init)
 *(.rel.text .rel.text.* .rel.gnu.linkonce.t.*)
 .rel.text      0x0000000000000000        0x0 boot/head.o
 *(.rel.fini)
 *(.rel.rodata .rel.rodata.* .rel.gnu.linkonce.r.*)
 *(.rel.data.rel.ro* .rel.gnu.linkonce.d.rel.ro.*)
 *(.rel.data .rel.data.* .rel.gnu.linkonce.d.*)
 .rel.data      0x0000000000000000        0x0 boot/head.o
 *(.rel.tdata .rel.tdata.* .rel.gnu.linkonce.td.*)
 *(.rel.tbss .rel.tbss.* .rel.gnu.linkonce.tb.*)
 *(.rel.ctors)
 *(.rel.dtors)
 *(.rel.got)
 *(.rel.bss .rel.bss.* .rel.gnu.linkonce.b.*)
 *(.rel.ifunc)

.rel.plt        0x0000000008048094        0x0
 *(.rel.plt)
                0x0000000008048094                PROVIDE (__rel_iplt_start, .)
 *(.rel.iplt)
 .rel.iplt      0x0000000000000000        0x0 boot/head.o
                0x0000000008048094                PROVIDE (__rel_iplt_end, .)

.init
 *(.init)

.plt            0x00000000080480a0        0x0
 *(.plt)
 *(.iplt)
 .iplt          0x0000000000000000        0x0 boot/head.o

.text           0x0000000000000000    0x10ca1
 *(.text.unlikely .text.*_unlikely)
 *(.text.exit .text.exit.*)
 *(.text.startup .text.startup.*)
 *(.text.hot .text.hot.*)
 *(.text .stub .text.* .gnu.linkonce.t.*)
 .text          0x0000000000000000     0x5078 boot/head.o
                0x0000000000000000                startup_32
                0x0000000000000000                pg_dir
                0x0000000000004078                idt
                0x0000000000004878                gdt
 *fill*         0x0000000000005078        0x8 90909090
 .text          0x0000000000005080      0x370 init/main.o
                0x00000000000050c1                init
                0x0000000000005232                main
 .text          0x00000000000053f0     0x5567 kernel/kernel.o
                0x00000000000053f0                sys_alarm
                0x0000000000005417                sys_getpid
                0x0000000000005423                sys_getppid
                0x000000000000542f                sys_getuid
                0x000000000000543c                sys_geteuid
                0x0000000000005449                sys_getgid
                0x0000000000005456                sys_getegid
                0x0000000000005463                sys_nice
                0x000000000000547c                sys_signal
                0x00000000000054b9                math_state_restore
                0x00000000000054f0                schedule
                0x00000000000055e1                sys_pause
                0x00000000000055f7                sleep_on
                0x0000000000005651                interruptible_sleep_on
                0x00000000000056bb                wake_up
                0x00000000000056d7                do_timer
                0x000000000000571d                sched_init
                0x0000000000005844                system_call
                0x0000000000005936                timer_interrupt
                0x000000000000596e                sys_execve
                0x000000000000597c                sys_fork
                0x0000000000005994                hd_interrupt
                0x0000000000005b41                do_double_fault
                0x0000000000005b5a                do_general_protection
                0x0000000000005b73                do_divide_error
                0x0000000000005b8c                do_int3
                0x0000000000005c44                do_nmi
                0x0000000000005c5d                do_debug
                0x0000000000005c76                do_overflow
                0x0000000000005c8f                do_bounds
                0x0000000000005ca8                do_invalid_op
                0x0000000000005cc1                do_device_not_available
                0x0000000000005cda                do_coprocessor_segment_overrun
                0x0000000000005cf3                do_invalid_TSS
                0x0000000000005d0c                do_segment_not_present
                0x0000000000005d25                do_stack_segment
                0x0000000000005d3e                do_coprocessor_error
                0x0000000000005d57                do_reserved
                0x0000000000005d70                trap_init
                0x0000000000005f2c                divide_error
                0x0000000000005f61                debug
                0x0000000000005f68                nmi
                0x0000000000005f6f                int3
                0x0000000000005f76                overflow
                0x0000000000005f7d                bounds
                0x0000000000005f84                invalid_op
                0x0000000000005f93                device_not_available
                0x0000000000005fc0                coprocessor_segment_overrun
                0x0000000000005fca                reserved
                0x0000000000005fd4                coprocessor_error
                0x0000000000005fde                double_fault
                0x0000000000006015                invalid_TSS
                0x000000000000601c                segment_not_present
                0x0000000000006023                stack_segment
                0x000000000000602a                general_protection
                0x0000000000006034                verify_area
                0x0000000000006099                copy_mem
                0x000000000000618f                copy_process
                0x000000000000641e                find_empty_process
                0x0000000000006480                panic
                0x000000000000649c                printk
                0x0000000000006726                vsprintf
                0x0000000000006a90                tty_init
                0x0000000000006aa1                tty_intr
                0x0000000000006ae6                copy_to_cooked
                0x0000000000006d66                tty_read
                0x000000000000702c                tty_write
                0x0000000000007209                do_tty_interrupt
                0x0000000000007230                print_clipboard
                0x0000000000007325                render_border
                0x000000000000747e                get_children_from_fs
                0x00000000000076cd                render_ls
                0x0000000000007897                clear_cliboard
                0x00000000000078bf                get_currsor_vm_pos
                0x00000000000078e4                move_cursor_col
                0x0000000000007920                print_to_clb
                0x00000000000079d7                f2_handle
                0x0000000000007a4a                short_len
                0x0000000000007a67                print_entry
                0x0000000000007ae0                short_to_str
                0x0000000000007b18                arrow_down_handle
                0x0000000000007bf7                arrow_up_handle
                0x0000000000007ccb                arrow_right_handle
                0x0000000000007d8c                arrow_left_handle
                0x0000000000007e32                space_handle
                0x0000000000007f38                csi_m
                0x0000000000007f93                con_write
                0x00000000000088fa                con_init
                0x00000000000089a7                keyboard_interrupt
                0x0000000000009278                rs1_interrupt
                0x0000000000009280                rs2_interrupt
                0x00000000000099e9                rw_hd
                0x0000000000009a92                sys_setup
                0x0000000000009b91                unexpected_hd_interrupt
                0x0000000000009ba4                hd_init
                0x0000000000009c14                sys_encr
                0x0000000000009d19                sys_decr
                0x0000000000009e13                sys_keyset
                0x0000000000009e4e                sys_keyclear
                0x0000000000009e64                sys_keygen
                0x0000000000009e6a                sys_ftime
                0x0000000000009e70                sys_mknod
                0x0000000000009e76                sys_break
                0x0000000000009e7c                sys_mount
                0x0000000000009e82                sys_umount
                0x0000000000009e88                sys_ustat
                0x0000000000009e8e                sys_ptrace
                0x0000000000009e94                sys_stty
                0x0000000000009e9a                sys_gtty
                0x0000000000009ea0                sys_rename
                0x0000000000009ea6                sys_prof
                0x0000000000009eac                sys_setgid
                0x0000000000009f09                sys_acct
                0x0000000000009f0f                sys_phys
                0x0000000000009f15                sys_lock
                0x0000000000009f1b                sys_mpx
                0x0000000000009f21                sys_ulimit
                0x0000000000009f27                sys_time
                0x0000000000009f7a                sys_setuid
                0x0000000000009fd3                sys_stime
                0x000000000000a020                sys_times
                0x000000000000a079                sys_brk
                0x000000000000a0ac                sys_setpgid
                0x000000000000a121                sys_getpgrp
                0x000000000000a12d                sys_setsid
                0x000000000000a182                sys_oldolduname
                0x000000000000a19a                sys_uname
                0x000000000000a1e7                sys_umask
                0x000000000000a205                sys_null
                0x000000000000a230                release
                0x000000000000a28a                do_kill
                0x000000000000a503                sys_kill
                0x000000000000a539                do_exit
                0x000000000000a6cc                sys_exit
                0x000000000000a6e7                sys_waitpid
                0x000000000000a86e                rs_init
                0x000000000000a8c6                rs_write
                0x000000000000a8f0                kernel_mktime
 *fill*         0x000000000000a957        0x1 90909090
 .text          0x000000000000a958      0x517 mm/mm.o
                0x000000000000a958                invalidate
                0x000000000000a961                copy_page
                0x000000000000a986                get_free_page
                0x000000000000a9be                free_page
                0x000000000000aa1e                free_page_tables
                0x000000000000aace                copy_page_tables
                0x000000000000abc8                put_page
                0x000000000000ac75                un_wp_page
                0x000000000000ad05                do_wp_page
                0x000000000000ad35                write_verify
                0x000000000000ad74                do_no_page
                0x000000000000ada4                calc_mem
                0x000000000000ae38                page_fault
 *fill*         0x000000000000ae6f        0x1 90909090
 .text          0x000000000000ae70     0x5878 fs/fs.o
                0x000000000000ae70                sys_utime
                0x000000000000aed9                sys_access
                0x000000000000af70                sys_chdir
                0x000000000000afd3                sys_chroot
                0x000000000000b036                sys_chmod
                0x000000000000b0cb                sys_chown
                0x000000000000b132                sys_open
                0x000000000000b2c6                sys_creat
                0x000000000000b2e9                sys_close
                0x000000000000b370                sys_lseek
                0x000000000000b42c                sys_read
                0x000000000000b587                sys_write
                0x000000000000ba9b                sync_inodes
                0x000000000000bae5                bmap
                0x000000000000bafe                create_block
                0x000000000000bb17                iput
                0x000000000000bc05                get_empty_inode
                0x000000000000bcf3                get_pipe_inode
                0x000000000000bd3a                iget
                0x000000000000bf27                sys_sync
                0x000000000000bf8f                brelse
                0x000000000000bfe1                get_hash_table
                0x000000000000c040                getblk
                0x000000000000c2df                bread
                0x000000000000c339                buffer_init
                0x000000000000c3d4                do_mount
                0x000000000000c5df                mount_root
                0x000000000000c730                block_write
                0x000000000000c813                block_read
                0x000000000000c8ea                ll_rw_block
                0x000000000000c9b3                rw_char
                0x000000000000ca24                file_read
                0x000000000000cc45                file_write
                0x000000000000cee6                sys_stat
                0x000000000000cf2b                sys_lstat
                0x000000000000cf46                sys_fstat
                0x000000000000cf89                sys_stat64
                0x000000000000cfce                sys_fstat64
                0x000000000000d011                sys_lstat64
                0x000000000000d02c                sys_oldstat
                0x000000000000d044                sys_oldfstat
                0x000000000000d184                cp_block
                0x000000000000d1b9                is_valid_elf
                0x000000000000d1fe                read_file_block_ind
                0x000000000000d293                read_file_block
                0x000000000000d392                copy_section
                0x000000000000d480                create_bss_section
                0x000000000000d4a6                load_elf_binary
                0x000000000000d6b1                do_execve
                0x000000000000db44                read_pipe
                0x000000000000dbdd                write_pipe
                0x000000000000dcd6                sys_pipe
                0x000000000000e309                namei
                0x000000000000e3bf                open_namei
                0x000000000000e625                sys_mkdir
                0x000000000000e8da                sys_rmdir
                0x000000000000ec4c                sys_unlink
                0x000000000000ede8                sys_link
                0x000000000000ef90                free_block
                0x000000000000f0cb                new_block
                0x000000000000f24e                free_inode
                0x000000000000f37a                new_inode
                0x000000000000f55a                sys_dup2
                0x000000000000f57a                sys_dup
                0x000000000000f58a                sys_fcntl
                0x000000000000f647                sys_fcntl64
                0x000000000000f69c                sys_ioctl
                0x000000000000f739                tty_ioctl
                0x000000000000fa05                truncate
                0x000000000000fb10                sys_getdents
                0x000000000000fc9e                sys_getdents64
                0x000000000000fe2c                clear_key
                0x000000000000fe57                is_power_of_two
                0x000000000000fe72                set_key
                0x000000000000fecf                userspace_string_cpy
                0x000000000000fefe                encrypt_block
                0x00000000000100ac                encrypt_file
                0x000000000001011a                decrypt_block
                0x000000000001031c                decrypt_file
                0x000000000001038a                add_enc_list
                0x000000000001044f                rm_enc_list
                0x0000000000010554                clear_enc_list
                0x00000000000105bd                print_enc_list
                0x000000000001064e                in_enc_list
 .text          0x00000000000106e8        0x0 lib/lib.a(ctype.o)
 .text          0x00000000000106e8        0xe lib/lib.a(_exit.o)
                0x00000000000106e8                _exit
 *fill*         0x00000000000106f6        0x2 90909090
 .text          0x00000000000106f8       0x3d lib/lib.a(open.o)
                0x00000000000106f8                open
 *fill*         0x0000000000010735        0x3 90909090
 .text          0x0000000000010738       0x23 lib/lib.a(close.o)
                0x0000000000010738                close
 *fill*         0x000000000001075b        0x1 90909090
 .text          0x000000000001075c        0x0 lib/lib.a(errno.o)
 .text          0x000000000001075c       0x3d lib/lib.a(write.o)
                0x000000000001075c                write
 *fill*         0x0000000000010799        0x3 90909090
 .text          0x000000000001079c       0x23 lib/lib.a(dup.o)
                0x000000000001079c                dup
 *fill*         0x00000000000107bf        0x1 90909090
 .text          0x00000000000107c0       0x1e lib/lib.a(setsid.o)
                0x00000000000107c0                setsid
 *fill*         0x00000000000107de        0x2 90909090
 .text          0x00000000000107e0       0x3d lib/lib.a(execve.o)
                0x00000000000107e0                execve
 *fill*         0x000000000001081d        0x3 90909090
 .text          0x0000000000010820       0x60 lib/lib.a(wait.o)
                0x0000000000010820                waitpid
                0x000000000001085d                wait
 .text          0x0000000000010880      0x421 lib/lib.a(string.o)
                0x0000000000010880                strcpy
                0x00000000000108a8                strncpy
                0x00000000000108d9                strcat
                0x000000000001090e                strncat
                0x000000000001094d                strcmp
                0x000000000001097b                strncmp
                0x00000000000109b0                strchr
                0x00000000000109ce                strrchr
                0x00000000000109ef                strspn
                0x0000000000010a3c                strcspn
                0x0000000000010a89                strpbrk
                0x0000000000010ace                strstr
                0x0000000000010b13                strlen
                0x0000000000010b2c                strtok
                0x0000000000010bbd                memcpy
                0x0000000000010be3                memmove
                0x0000000000010c31                memcmp
                0x0000000000010c65                memchr
                0x0000000000010c8b                memset
 *(.gnu.warning)

.fini
 *(.fini)
                0x0000000000010ca1                PROVIDE (__etext, .)
                0x0000000000010ca1                PROVIDE (_etext, .)
                0x0000000000010ca1                PROVIDE (etext, .)

.rodata         0x0000000000010cc0     0x10bc
 *(.rodata .rodata.* .gnu.linkonce.r.*)
 .rodata.str1.1
                0x0000000000010cc0       0x68 init/main.o
 .rodata.str1.4
                0x0000000000010d28       0x25 init/main.o
 *fill*         0x0000000000010d4d       0x13 00
 .rodata        0x0000000000010d60      0x270 kernel/kernel.o
 .rodata.str1.1
                0x0000000000010fd0      0x2d7 kernel/kernel.o
                                        0x2e0 (size before relaxing)
 *fill*         0x00000000000112a7        0x1 00
 .rodata.str1.4
                0x00000000000112a8      0x1fc kernel/kernel.o
 .rodata.str1.4
                0x00000000000114a4       0xe9 mm/mm.o
 .rodata.str1.1
                0x000000000001158d       0x68 mm/mm.o
 *fill*         0x00000000000115f5        0xb 00
 .rodata        0x0000000000011600       0xc4 fs/fs.o
 .rodata.str1.1
                0x00000000000116c4      0x35e fs/fs.o
                                        0x365 (size before relaxing)
 *fill*         0x0000000000011a22        0x2 00
 .rodata.str1.4
                0x0000000000011a24      0x358 fs/fs.o
                                        0x357 (size before relaxing)

.rodata1
 *(.rodata1)

.eh_frame_hdr
 *(.eh_frame_hdr)

.eh_frame       0x0000000000011d7c     0x272c
 *(.eh_frame)
 .eh_frame      0x0000000000011d7c       0x74 init/main.o
 .eh_frame      0x0000000000011df0     0x102c kernel/kernel.o
                                       0x1164 (size before relaxing)
 .eh_frame      0x0000000000012e1c      0x1a8 mm/mm.o
                                        0x1c0 (size before relaxing)
 .eh_frame      0x0000000000012fc4     0x1188 fs/fs.o
                                       0x1350 (size before relaxing)
 .eh_frame      0x000000000001414c       0x1c lib/lib.a(_exit.o)
                                         0x34 (size before relaxing)
 .eh_frame      0x0000000000014168       0x20 lib/lib.a(open.o)
                                         0x38 (size before relaxing)
 .eh_frame      0x0000000000014188       0x1c lib/lib.a(close.o)
                                         0x34 (size before relaxing)
 .eh_frame      0x00000000000141a4       0x20 lib/lib.a(write.o)
                                         0x38 (size before relaxing)
 .eh_frame      0x00000000000141c4       0x1c lib/lib.a(dup.o)
                                         0x34 (size before relaxing)
 .eh_frame      0x00000000000141e0       0x14 lib/lib.a(setsid.o)
                                         0x2c (size before relaxing)
 .eh_frame      0x00000000000141f4       0x20 lib/lib.a(execve.o)
                                         0x38 (size before relaxing)
 .eh_frame      0x0000000000014214       0x38 lib/lib.a(wait.o)
                                         0x50 (size before relaxing)
 .eh_frame      0x000000000001424c      0x25c lib/lib.a(string.o)
                                        0x274 (size before relaxing)

.gcc_except_table
 *(.gcc_except_table .gcc_except_table.*)

.exception_ranges
 *(.exception_ranges .exception_ranges*)
                0x00000000000144a8                . = (ALIGN (0x1000) - ((0x1000 - .) & 0xfff))
                0x00000000000154a8                . = DATA_SEGMENT_ALIGN (0x1000, 0x1000)

.eh_frame
 *(.eh_frame)

.gcc_except_table
 *(.gcc_except_table .gcc_except_table.*)

.exception_ranges
 *(.exception_ranges .exception_ranges*)

.tdata
 *(.tdata .tdata.* .gnu.linkonce.td.*)

.tbss
 *(.tbss .tbss.* .gnu.linkonce.tb.*)
 *(.tcommon)

.preinit_array  0x00000000000154a8        0x0
                0x00000000000154a8                PROVIDE (__preinit_array_start, .)
 *(.preinit_array)
                0x00000000000154a8                PROVIDE (__preinit_array_end, .)

.init_array     0x00000000000154a8        0x0
                0x00000000000154a8                PROVIDE (__init_array_start, .)
 *(SORT(.init_array.*) SORT(.ctors.*))
 *(.init_array)
 *(EXCLUDE_FILE(*crtend?.o *crtend.o *crtbegin?.o *crtbegin.o) .ctors)
                0x00000000000154a8                PROVIDE (__init_array_end, .)

.fini_array     0x00000000000154a8        0x0
                0x00000000000154a8                PROVIDE (__fini_array_start, .)
 *(SORT(.fini_array.*) SORT(.dtors.*))
 *(.fini_array)
 *(EXCLUDE_FILE(*crtend?.o *crtend.o *crtbegin?.o *crtbegin.o) .dtors)
                0x00000000000154a8                PROVIDE (__fini_array_end, .)

.ctors
 *crtbegin.o(.ctors)
 *crtbegin?.o(.ctors)
 *(EXCLUDE_FILE(*crtend?.o *crtend.o) .ctors)
 *(SORT(.ctors.*))
 *(.ctors)

.dtors
 *crtbegin.o(.dtors)
 *crtbegin?.o(.dtors)
 *(EXCLUDE_FILE(*crtend?.o *crtend.o) .dtors)
 *(SORT(.dtors.*))
 *(.dtors)

.jcr
 *(.jcr)

.data.rel.ro
 *(.data.rel.ro.local* .gnu.linkonce.d.rel.ro.local.*)
 *(.data.rel.ro* .gnu.linkonce.d.rel.ro.*)

.dynamic
 *(.dynamic)

.got
 *(.got)
 *(.igot)
                0x00000000000154a8                . = DATA_SEGMENT_RELRO_END (., 0xc)

.got.plt        0x00000000000154a8        0x0
 *(.got.plt)
 *(.igot.plt)
 .igot.plt      0x0000000000000000        0x0 boot/head.o

.data           0x00000000000154c0     0x3e64
 *(.data .data.* .gnu.linkonce.d.*)
 .data          0x00000000000154c0        0x0 boot/head.o
 .data          0x00000000000154c0       0x18 init/main.o
 *fill*         0x00000000000154d8        0x8 00
 .data          0x00000000000154e0     0x3d2c kernel/kernel.o
                0x00000000000154e0                stack_start
                0x0000000000015500                task
                0x0000000000015600                current
                0x0000000000015620                sys_call_table
                0x0000000000016b20                table_list
                0x0000000000016b40                tty_table
 .data          0x000000000001920c        0x0 mm/mm.o
 .data          0x000000000001920c        0x4 fs/fs.o
                0x000000000001920c                start_buffer
 *fill*         0x0000000000019210       0x10 00
 .data          0x0000000000019220      0x101 lib/lib.a(ctype.o)
                0x0000000000019220                _ctype
 *fill*         0x0000000000019321        0x3 00
 .data          0x0000000000019324        0x0 lib/lib.a(_exit.o)
 .data          0x0000000000019324        0x0 lib/lib.a(open.o)
 .data          0x0000000000019324        0x0 lib/lib.a(close.o)
 .data          0x0000000000019324        0x0 lib/lib.a(errno.o)
 .data          0x0000000000019324        0x0 lib/lib.a(write.o)
 .data          0x0000000000019324        0x0 lib/lib.a(dup.o)
 .data          0x0000000000019324        0x0 lib/lib.a(setsid.o)
 .data          0x0000000000019324        0x0 lib/lib.a(execve.o)
 .data          0x0000000000019324        0x0 lib/lib.a(wait.o)
 .data          0x0000000000019324        0x0 lib/lib.a(string.o)

.data1
 *(.data1)
                0x0000000000019324                _edata = .
                0x0000000000019324                PROVIDE (edata, .)
                0x0000000000019324                __bss_start = .

.bss            0x0000000000019340     0x43cc
 *(.dynbss)
 *(.bss .bss.* .gnu.linkonce.b.*)
 .bss           0x0000000000019340        0x0 boot/head.o
 .bss           0x0000000000019340      0x400 init/main.o
 .bss           0x0000000000019740      0x9ec kernel/kernel.o
                0x0000000000019740                last_task_used_math
                0x0000000000019744                startup_time
                0x0000000000019748                jiffies
                0x000000000001974c                last_pid
                0x0000000000019b80                scrupt_state_flag
                0x0000000000019b84                init_flag
                0x0000000000019b86                current_dir_len
                0x0000000000019b88                selected_row_index
                0x0000000000019c20                do_hd
 *fill*         0x000000000001a12c       0x14 00
 .bss           0x000000000001a140      0xc00 mm/mm.o
 .bss           0x000000000001ad40      0x710 fs/fs.o
                0x000000000001ad40                inode_table
                0x000000000001b444                nr_buffers
 .bss           0x000000000001b450        0x0 lib/lib.a(ctype.o)
 .bss           0x000000000001b450        0x0 lib/lib.a(_exit.o)
 .bss           0x000000000001b450        0x0 lib/lib.a(open.o)
 .bss           0x000000000001b450        0x0 lib/lib.a(close.o)
 .bss           0x000000000001b450        0x0 lib/lib.a(errno.o)
 .bss           0x000000000001b450        0x0 lib/lib.a(write.o)
 .bss           0x000000000001b450        0x0 lib/lib.a(dup.o)
 .bss           0x000000000001b450        0x0 lib/lib.a(setsid.o)
 .bss           0x000000000001b450        0x0 lib/lib.a(execve.o)
 .bss           0x000000000001b450        0x0 lib/lib.a(wait.o)
 .bss           0x000000000001b450        0x0 lib/lib.a(string.o)
 *(COMMON)
 *fill*         0x000000000001b450       0x10 00
 COMMON         0x000000000001b460     0x166e kernel/kernel.o
                0x000000000001b460                clipboard
                0x000000000001b540                ls_files
                0x000000000001b680                root_node
                0x000000000001b684                is_dir
                0x000000000001b6a0                encryption_key
                0x000000000001baa0                user_stack
                0x000000000001caa0                current_dir_path
                0x000000000001cab6                children_inodes
                0x000000000001caca                cliboard_cursor
 *fill*         0x000000000001cace       0x12 00
 COMMON         0x000000000001cae0      0xc20 fs/fs.o
                0x000000000001cae0                hash_table
                0x000000000001cfc0                super_block
                0x000000000001d300                file_table
 COMMON         0x000000000001d700        0x1 lib/lib.a(ctype.o)
                0x000000000001d700                _ctmp
 *fill*         0x000000000001d701        0x3 00
 COMMON         0x000000000001d704        0x4 lib/lib.a(errno.o)
                0x000000000001d704                errno
 COMMON         0x000000000001d708        0x4 lib/lib.a(string.o)
                0x000000000001d708                ___strtok
                0x000000000001d70c                . = ALIGN ((. != 0x0)?0x4:0x1)
                0x000000000001d70c                . = ALIGN (0x4)
                0x000000000001d70c                . = ALIGN (0x4)
                0x000000000001d70c                _end = .
                0x000000000001d70c                PROVIDE (end, .)
                0x000000000001d70c                . = DATA_SEGMENT_END (.)

.stab
 *(.stab)

.stabstr
 *(.stabstr)

.stab.excl
 *(.stab.excl)

.stab.exclstr
 *(.stab.exclstr)

.stab.index
 *(.stab.index)

.stab.indexstr
 *(.stab.indexstr)

.comment        0x0000000000000000       0x2a
 *(.comment)
 .comment       0x0000000000000000       0x2a init/main.o
                                         0x2b (size before relaxing)
 .comment       0x0000000000000000      0x22f kernel/kernel.o
 .comment       0x0000000000000000       0x2b mm/mm.o
 .comment       0x0000000000000000      0x35c fs/fs.o
 .comment       0x0000000000000000       0x2b lib/lib.a(ctype.o)
 .comment       0x0000000000000000       0x2b lib/lib.a(_exit.o)
 .comment       0x0000000000000000       0x2b lib/lib.a(open.o)
 .comment       0x0000000000000000       0x2b lib/lib.a(close.o)
 .comment       0x0000000000000000       0x2b lib/lib.a(errno.o)
 .comment       0x0000000000000000       0x2b lib/lib.a(write.o)
 .comment       0x0000000000000000       0x2b lib/lib.a(dup.o)
 .comment       0x0000000000000000       0x2b lib/lib.a(setsid.o)
 .comment       0x0000000000000000       0x2b lib/lib.a(execve.o)
 .comment       0x0000000000000000       0x2b lib/lib.a(wait.o)
 .comment       0x0000000000000000       0x2b lib/lib.a(string.o)

.debug
 *(.debug)

.line
 *(.line)

.debug_srcinfo
 *(.debug_srcinfo)

.debug_sfnames
 *(.debug_sfnames)

.debug_aranges  0x0000000000000000      0x560
 *(.debug_aranges)
 .debug_aranges
                0x0000000000000000       0x20 init/main.o
 .debug_aranges
                0x0000000000000020      0x1a0 kernel/kernel.o
 .debug_aranges
                0x00000000000001c0       0x20 mm/mm.o
 .debug_aranges
                0x00000000000001e0      0x260 fs/fs.o
 .debug_aranges
                0x0000000000000440       0x20 lib/lib.a(_exit.o)
 .debug_aranges
                0x0000000000000460       0x20 lib/lib.a(open.o)
 .debug_aranges
                0x0000000000000480       0x20 lib/lib.a(close.o)
 .debug_aranges
                0x00000000000004a0       0x20 lib/lib.a(write.o)
 .debug_aranges
                0x00000000000004c0       0x20 lib/lib.a(dup.o)
 .debug_aranges
                0x00000000000004e0       0x20 lib/lib.a(setsid.o)
 .debug_aranges
                0x0000000000000500       0x20 lib/lib.a(execve.o)
 .debug_aranges
                0x0000000000000520       0x20 lib/lib.a(wait.o)
 .debug_aranges
                0x0000000000000540       0x20 lib/lib.a(string.o)

.debug_pubnames
 *(.debug_pubnames)

.debug_info     0x0000000000000000    0x1c19c
 *(.debug_info .gnu.linkonce.wi.*)
 .debug_info    0x0000000000000000      0xccf init/main.o
 .debug_info    0x0000000000000ccf     0x9956 kernel/kernel.o
 .debug_info    0x000000000000a625      0x4d6 mm/mm.o
 .debug_info    0x000000000000aafb     0xefb0 fs/fs.o
 .debug_info    0x0000000000019aab       0x70 lib/lib.a(ctype.o)
 .debug_info    0x0000000000019b1b      0x3af lib/lib.a(_exit.o)
 .debug_info    0x0000000000019eca      0x403 lib/lib.a(open.o)
 .debug_info    0x000000000001a2cd      0x3ce lib/lib.a(close.o)
 .debug_info    0x000000000001a69b       0x3f lib/lib.a(errno.o)
 .debug_info    0x000000000001a6da      0x400 lib/lib.a(write.o)
 .debug_info    0x000000000001aada      0x3ce lib/lib.a(dup.o)
 .debug_info    0x000000000001aea8      0x3cb lib/lib.a(setsid.o)
 .debug_info    0x000000000001b273      0x3fc lib/lib.a(execve.o)
 .debug_info    0x000000000001b66f      0x428 lib/lib.a(wait.o)
 .debug_info    0x000000000001ba97      0x705 lib/lib.a(string.o)

.debug_abbrev   0x0000000000000000     0x495b
 *(.debug_abbrev)
 .debug_abbrev  0x0000000000000000      0x1d7 init/main.o
 .debug_abbrev  0x00000000000001d7     0x1995 kernel/kernel.o
 .debug_abbrev  0x0000000000001b6c      0x1af mm/mm.o
 .debug_abbrev  0x0000000000001d1b     0x24ab fs/fs.o
 .debug_abbrev  0x00000000000041c6       0x42 lib/lib.a(ctype.o)
 .debug_abbrev  0x0000000000004208       0xa3 lib/lib.a(_exit.o)
 .debug_abbrev  0x00000000000042ab       0xdc lib/lib.a(open.o)
 .debug_abbrev  0x0000000000004387       0xb4 lib/lib.a(close.o)
 .debug_abbrev  0x000000000000443b       0x30 lib/lib.a(errno.o)
 .debug_abbrev  0x000000000000446b       0xd7 lib/lib.a(write.o)
 .debug_abbrev  0x0000000000004542       0xb4 lib/lib.a(dup.o)
 .debug_abbrev  0x00000000000045f6       0xb2 lib/lib.a(setsid.o)
 .debug_abbrev  0x00000000000046a8       0xbb lib/lib.a(execve.o)
 .debug_abbrev  0x0000000000004763       0xd0 lib/lib.a(wait.o)
 .debug_abbrev  0x0000000000004833      0x128 lib/lib.a(string.o)

.debug_line     0x0000000000000000     0x3b80
 *(.debug_line)
 .debug_line    0x0000000000000000      0x11e init/main.o
 .debug_line    0x000000000000011e     0x15b0 kernel/kernel.o
 .debug_line    0x00000000000016ce      0x122 mm/mm.o
 .debug_line    0x00000000000017f0     0x1ec8 fs/fs.o
 .debug_line    0x00000000000036b8       0x28 lib/lib.a(ctype.o)
 .debug_line    0x00000000000036e0       0x50 lib/lib.a(_exit.o)
 .debug_line    0x0000000000003730       0x76 lib/lib.a(open.o)
 .debug_line    0x00000000000037a6       0x6e lib/lib.a(close.o)
 .debug_line    0x0000000000003814       0x28 lib/lib.a(errno.o)
 .debug_line    0x000000000000383c       0x8c lib/lib.a(write.o)
 .debug_line    0x00000000000038c8       0x6c lib/lib.a(dup.o)
 .debug_line    0x0000000000003934       0x88 lib/lib.a(setsid.o)
 .debug_line    0x00000000000039bc       0x73 lib/lib.a(execve.o)
 .debug_line    0x0000000000003a2f       0x90 lib/lib.a(wait.o)
 .debug_line    0x0000000000003abf       0xc1 lib/lib.a(string.o)

.debug_frame
 *(.debug_frame)

.debug_str      0x0000000000000000     0x1df9
 *(.debug_str)
 .debug_str     0x0000000000000000      0x3f5 init/main.o
                                        0x4a7 (size before relaxing)
 .debug_str     0x00000000000003f5      0xd74 kernel/kernel.o
                                       0x34bc (size before relaxing)
 .debug_str     0x0000000000001169      0x128 mm/mm.o
                                        0x1c3 (size before relaxing)
 .debug_str     0x0000000000001291      0xa9b fs/fs.o
                                       0x584c (size before relaxing)
 .debug_str     0x0000000000001d2c       0x28 lib/lib.a(ctype.o)
                                         0x68 (size before relaxing)
 .debug_str     0x0000000000001d54        0x8 lib/lib.a(_exit.o)
                                        0x286 (size before relaxing)
 .debug_str     0x0000000000000000        0x8 lib/lib.a(open.o)
                                        0x296 (size before relaxing)
 .debug_str     0x0000000000001d5c        0x8 lib/lib.a(close.o)
                                        0x288 (size before relaxing)
 .debug_str     0x0000000000001d64        0x8 lib/lib.a(errno.o)
                                         0x3a (size before relaxing)
 .debug_str     0x0000000000000000        0x8 lib/lib.a(write.o)
                                        0x294 (size before relaxing)
 .debug_str     0x0000000000001d6c        0x6 lib/lib.a(dup.o)
                                        0x280 (size before relaxing)
 .debug_str     0x0000000000001d72        0x9 lib/lib.a(setsid.o)
                                        0x290 (size before relaxing)
 .debug_str     0x0000000000001d7b        0x9 lib/lib.a(execve.o)
                                        0x299 (size before relaxing)
 .debug_str     0x0000000000001d84       0x11 lib/lib.a(wait.o)
                                        0x2a6 (size before relaxing)
 .debug_str     0x0000000000001d95       0x64 lib/lib.a(string.o)
                                         0xee (size before relaxing)

.debug_loc      0x0000000000000000     0xc470
 *(.debug_loc)
 .debug_loc     0x0000000000000000      0x256 init/main.o
 .debug_loc     0x0000000000000256     0x44b3 kernel/kernel.o
 .debug_loc     0x0000000000004709      0x640 mm/mm.o
 .debug_loc     0x0000000000004d49     0x7154 fs/fs.o
 .debug_loc     0x000000000000be9d       0x2c lib/lib.a(_exit.o)
 .debug_loc     0x000000000000bec9       0x3f lib/lib.a(open.o)
 .debug_loc     0x000000000000bf08       0x3f lib/lib.a(close.o)
 .debug_loc     0x000000000000bf47       0x57 lib/lib.a(write.o)
 .debug_loc     0x000000000000bf9e       0x3f lib/lib.a(dup.o)
 .debug_loc     0x000000000000bfdd       0x13 lib/lib.a(setsid.o)
 .debug_loc     0x000000000000bff0       0x57 lib/lib.a(execve.o)
 .debug_loc     0x000000000000c047       0x83 lib/lib.a(wait.o)
 .debug_loc     0x000000000000c0ca      0x3a6 lib/lib.a(string.o)

.debug_macinfo
 *(.debug_macinfo)

.debug_weaknames
 *(.debug_weaknames)

.debug_funcnames
 *(.debug_funcnames)

.debug_typenames
 *(.debug_typenames)

.debug_varnames
 *(.debug_varnames)

.debug_pubtypes
 *(.debug_pubtypes)

.debug_ranges   0x0000000000000000      0x4a0
 *(.debug_ranges)
 .debug_ranges  0x0000000000000000      0x150 kernel/kernel.o
 .debug_ranges  0x0000000000000150      0x350 fs/fs.o

.gnu.attributes
 *(.gnu.attributes)

/DISCARD/
 *(.note.GNU-stack)
 *(.gnu_debuglink)
 *(.gnu.lto_*)
OUTPUT(tools/system elf32-i386)
