Archive member included because of file (symbol)

lib/lib.a(ctype.o)            kernel/kernel.o (_ctype)
lib/lib.a(_exit.o)            init/main.o (_exit)
lib/lib.a(open.o)             init/main.o (open)
lib/lib.a(close.o)            init/main.o (close)
lib/lib.a(errno.o)            init/main.o (errno)
lib/lib.a(write.o)            init/main.o (write)
lib/lib.a(dup.o)              init/main.o (dup)
lib/lib.a(setsid.o)           init/main.o (setsid)
lib/lib.a(execve.o)           init/main.o (execve)
lib/lib.a(wait.o)             init/main.o (wait)
lib/lib.a(string.o)           kernel/kernel.o (memcpy)

Allocating common symbols
Common symbol       size              file

clipboard           0xc8              kernel/kernel.o
ls_files            0x140             kernel/kernel.o
errno               0x4               lib/lib.a(errno.o)
hash_table          0x4cc             fs/fs.o
___strtok           0x4               lib/lib.a(string.o)
root_node           0x4               kernel/kernel.o
is_dir              0xa               kernel/kernel.o
encryption_key      0x20              kernel/kernel.o
user_stack          0x1000            kernel/kernel.o
current_dir_path    0x16              kernel/kernel.o
_ctmp               0x1               lib/lib.a(ctype.o)
children_inodes     0x14              kernel/kernel.o
cliboard_cursor     0x4               kernel/kernel.o
super_block         0x340             fs/fs.o
file_table          0x400             fs/fs.o

Discarded input sections

 .note.GNU-stack
                0x0000000000000000        0x0 init/main.o
 .note.GNU-stack
                0x0000000000000000        0x0 kernel/kernel.o
 .note.GNU-stack
                0x0000000000000000        0x0 mm/mm.o
 .note.GNU-stack
                0x0000000000000000        0x0 fs/fs.o
 .note.GNU-stack
                0x0000000000000000        0x0 lib/lib.a(ctype.o)
 .note.GNU-stack
                0x0000000000000000        0x0 lib/lib.a(_exit.o)
 .note.GNU-stack
                0x0000000000000000        0x0 lib/lib.a(open.o)
 .note.GNU-stack
                0x0000000000000000        0x0 lib/lib.a(close.o)
 .note.GNU-stack
                0x0000000000000000        0x0 lib/lib.a(errno.o)
 .note.GNU-stack
                0x0000000000000000        0x0 lib/lib.a(write.o)
 .note.GNU-stack
                0x0000000000000000        0x0 lib/lib.a(dup.o)
 .note.GNU-stack
                0x0000000000000000        0x0 lib/lib.a(setsid.o)
 .note.GNU-stack
                0x0000000000000000        0x0 lib/lib.a(execve.o)
 .note.GNU-stack
                0x0000000000000000        0x0 lib/lib.a(wait.o)
 .note.GNU-stack
                0x0000000000000000        0x0 lib/lib.a(string.o)

Memory Configuration

Name             Origin             Length             Attributes
*default*        0x0000000000000000 0xffffffffffffffff

Linker script and memory map

Address of section .text set to 0x0
LOAD boot/head.o
LOAD init/main.o
LOAD kernel/kernel.o
LOAD mm/mm.o
LOAD fs/fs.o
LOAD lib/lib.a
                0x0000000008048000                PROVIDE (__executable_start, 0x8048000)
                0x0000000008048094                . = (0x8048000 + SIZEOF_HEADERS)

.interp
 *(.interp)

.note.gnu.build-id
 *(.note.gnu.build-id)

.hash
 *(.hash)

.gnu.hash
 *(.gnu.hash)

.dynsym
 *(.dynsym)

.dynstr
 *(.dynstr)

.gnu.version
 *(.gnu.version)

.gnu.version_d
 *(.gnu.version_d)

.gnu.version_r
 *(.gnu.version_r)

.rel.dyn        0x0000000008048094        0x0
 *(.rel.init)
 *(.rel.text .rel.text.* .rel.gnu.linkonce.t.*)
 .rel.text      0x0000000000000000        0x0 boot/head.o
 *(.rel.fini)
 *(.rel.rodata .rel.rodata.* .rel.gnu.linkonce.r.*)
 *(.rel.data.rel.ro* .rel.gnu.linkonce.d.rel.ro.*)
 *(.rel.data .rel.data.* .rel.gnu.linkonce.d.*)
 .rel.data      0x0000000000000000        0x0 boot/head.o
 *(.rel.tdata .rel.tdata.* .rel.gnu.linkonce.td.*)
 *(.rel.tbss .rel.tbss.* .rel.gnu.linkonce.tb.*)
 *(.rel.ctors)
 *(.rel.dtors)
 *(.rel.got)
 *(.rel.bss .rel.bss.* .rel.gnu.linkonce.b.*)
 *(.rel.ifunc)

.rel.plt        0x0000000008048094        0x0
 *(.rel.plt)
                0x0000000008048094                PROVIDE (__rel_iplt_start, .)
 *(.rel.iplt)
 .rel.iplt      0x0000000000000000        0x0 boot/head.o
                0x0000000008048094                PROVIDE (__rel_iplt_end, .)

.init
 *(.init)

.plt            0x00000000080480a0        0x0
 *(.plt)
 *(.iplt)
 .iplt          0x0000000000000000        0x0 boot/head.o

.text           0x0000000000000000    0x10db5
 *(.text.unlikely .text.*_unlikely)
 *(.text.exit .text.exit.*)
 *(.text.startup .text.startup.*)
 *(.text.hot .text.hot.*)
 *(.text .stub .text.* .gnu.linkonce.t.*)
 .text          0x0000000000000000     0x5078 boot/head.o
                0x0000000000000000                startup_32
                0x0000000000000000                pg_dir
                0x0000000000004078                idt
                0x0000000000004878                gdt
 *fill*         0x0000000000005078        0x8 90909090
 .text          0x0000000000005080      0x370 init/main.o
                0x00000000000050c1                init
                0x0000000000005232                main
 .text          0x00000000000053f0     0x5587 kernel/kernel.o
                0x00000000000053f0                sys_alarm
                0x0000000000005417                sys_getpid
                0x0000000000005423                sys_getppid
                0x000000000000542f                sys_getuid
                0x000000000000543c                sys_geteuid
                0x0000000000005449                sys_getgid
                0x0000000000005456                sys_getegid
                0x0000000000005463                sys_nice
                0x000000000000547c                sys_signal
                0x00000000000054b9                math_state_restore
                0x00000000000054f0                schedule
                0x00000000000055e1                sys_pause
                0x00000000000055f7                sleep_on
                0x0000000000005651                interruptible_sleep_on
                0x00000000000056bb                wake_up
                0x00000000000056d7                do_timer
                0x000000000000571d                sched_init
                0x0000000000005844                system_call
                0x0000000000005936                timer_interrupt
                0x000000000000596e                sys_execve
                0x000000000000597c                sys_fork
                0x0000000000005994                hd_interrupt
                0x0000000000005b41                do_double_fault
                0x0000000000005b5a                do_general_protection
                0x0000000000005b73                do_divide_error
                0x0000000000005b8c                do_int3
                0x0000000000005c44                do_nmi
                0x0000000000005c5d                do_debug
                0x0000000000005c76                do_overflow
                0x0000000000005c8f                do_bounds
                0x0000000000005ca8                do_invalid_op
                0x0000000000005cc1                do_device_not_available
                0x0000000000005cda                do_coprocessor_segment_overrun
                0x0000000000005cf3                do_invalid_TSS
                0x0000000000005d0c                do_segment_not_present
                0x0000000000005d25                do_stack_segment
                0x0000000000005d3e                do_coprocessor_error
                0x0000000000005d57                do_reserved
                0x0000000000005d70                trap_init
                0x0000000000005f2c                divide_error
                0x0000000000005f61                debug
                0x0000000000005f68                nmi
                0x0000000000005f6f                int3
                0x0000000000005f76                overflow
                0x0000000000005f7d                bounds
                0x0000000000005f84                invalid_op
                0x0000000000005f93                device_not_available
                0x0000000000005fc0                coprocessor_segment_overrun
                0x0000000000005fca                reserved
                0x0000000000005fd4                coprocessor_error
                0x0000000000005fde                double_fault
                0x0000000000006015                invalid_TSS
                0x000000000000601c                segment_not_present
                0x0000000000006023                stack_segment
                0x000000000000602a                general_protection
                0x0000000000006034                verify_area
                0x0000000000006099                copy_mem
                0x000000000000618f                copy_process
                0x000000000000641e                find_empty_process
                0x0000000000006480                panic
                0x000000000000649c                printk
                0x0000000000006726                vsprintf
                0x0000000000006a90                tty_init
                0x0000000000006aa1                tty_intr
                0x0000000000006ae6                copy_to_cooked
                0x0000000000006d66                tty_read
                0x000000000000702c                tty_write
                0x0000000000007209                do_tty_interrupt
                0x0000000000007230                print_clipboard
                0x0000000000007325                render_border
                0x000000000000747e                get_children_from_fs
                0x00000000000076cd                render_ls
                0x0000000000007897                clear_cliboard
                0x00000000000078bf                get_currsor_vm_pos
                0x00000000000078e4                move_cursor_col
                0x0000000000007920                print_to_clb
                0x00000000000079d7                f2_handle
                0x0000000000007a4a                short_len
                0x0000000000007a67                print_entry
                0x0000000000007ae0                short_to_str
                0x0000000000007b18                arrow_down_handle
                0x0000000000007bf7                arrow_up_handle
                0x0000000000007ccb                arrow_right_handle
                0x0000000000007d8c                arrow_left_handle
                0x0000000000007e32                space_handle
                0x0000000000007f38                csi_m
                0x0000000000007f93                con_write
                0x00000000000088fa                con_init
                0x00000000000089a7                keyboard_interrupt
                0x0000000000009278                rs1_interrupt
                0x0000000000009280                rs2_interrupt
                0x00000000000099e9                rw_hd
                0x0000000000009a92                sys_setup
                0x0000000000009b91                unexpected_hd_interrupt
                0x0000000000009ba4                hd_init
                0x0000000000009c14                sys_encr
                0x0000000000009d1a                sys_decr
                0x0000000000009e07                sys_keyset
                0x0000000000009e34                sys_keyclear
                0x0000000000009e45                sys_keygen
                0x0000000000009e8e                sys_ftime
                0x0000000000009e94                sys_mknod
                0x0000000000009e9a                sys_break
                0x0000000000009ea0                sys_mount
                0x0000000000009ea6                sys_umount
                0x0000000000009eac                sys_ustat
                0x0000000000009eb2                sys_ptrace
                0x0000000000009eb8                sys_stty
                0x0000000000009ebe                sys_gtty
                0x0000000000009ec4                sys_rename
                0x0000000000009eca                sys_prof
                0x0000000000009ed0                sys_setgid
                0x0000000000009f2d                sys_acct
                0x0000000000009f33                sys_phys
                0x0000000000009f39                sys_lock
                0x0000000000009f3f                sys_mpx
                0x0000000000009f45                sys_ulimit
                0x0000000000009f4b                sys_time
                0x0000000000009f9e                sys_setuid
                0x0000000000009ff7                sys_stime
                0x000000000000a044                sys_times
                0x000000000000a09d                sys_brk
                0x000000000000a0d0                sys_setpgid
                0x000000000000a145                sys_getpgrp
                0x000000000000a151                sys_setsid
                0x000000000000a1a6                sys_oldolduname
                0x000000000000a1be                sys_uname
                0x000000000000a20b                sys_umask
                0x000000000000a229                sys_null
                0x000000000000a250                release
                0x000000000000a2aa                do_kill
                0x000000000000a523                sys_kill
                0x000000000000a559                do_exit
                0x000000000000a6ec                sys_exit
                0x000000000000a707                sys_waitpid
                0x000000000000a88e                rs_init
                0x000000000000a8e6                rs_write
                0x000000000000a910                kernel_mktime
 *fill*         0x000000000000a977        0x1 90909090
 .text          0x000000000000a978      0x517 mm/mm.o
                0x000000000000a978                invalidate
                0x000000000000a981                copy_page
                0x000000000000a9a6                get_free_page
                0x000000000000a9de                free_page
                0x000000000000aa3e                free_page_tables
                0x000000000000aaee                copy_page_tables
                0x000000000000abe8                put_page
                0x000000000000ac95                un_wp_page
                0x000000000000ad25                do_wp_page
                0x000000000000ad55                write_verify
                0x000000000000ad94                do_no_page
                0x000000000000adc4                calc_mem
                0x000000000000ae58                page_fault
 *fill*         0x000000000000ae8f        0x1 90909090
 .text          0x000000000000ae90     0x596b fs/fs.o
                0x000000000000ae90                sys_utime
                0x000000000000aef9                sys_access
                0x000000000000af90                sys_chdir
                0x000000000000aff3                sys_chroot
                0x000000000000b056                sys_chmod
                0x000000000000b0eb                sys_chown
                0x000000000000b152                sys_open
                0x000000000000b2e6                sys_creat
                0x000000000000b309                sys_close
                0x000000000000b390                sys_lseek
                0x000000000000b44c                sys_read
                0x000000000000b5a7                sys_write
                0x000000000000babb                sync_inodes
                0x000000000000bb05                bmap
                0x000000000000bb1e                create_block
                0x000000000000bb37                iput
                0x000000000000bc25                get_empty_inode
                0x000000000000bd13                get_pipe_inode
                0x000000000000bd5a                iget
                0x000000000000bf47                sys_sync
                0x000000000000bfaf                brelse
                0x000000000000c001                get_hash_table
                0x000000000000c060                getblk
                0x000000000000c2ff                bread
                0x000000000000c359                buffer_init
                0x000000000000c3f4                do_mount
                0x000000000000c5ff                mount_root
                0x000000000000c750                block_write
                0x000000000000c833                block_read
                0x000000000000c90a                ll_rw_block
                0x000000000000c9d3                rw_char
                0x000000000000ca44                file_read
                0x000000000000cc65                file_write
                0x000000000000cf6e                sys_stat
                0x000000000000cfb3                sys_lstat
                0x000000000000cfce                sys_fstat
                0x000000000000d011                sys_stat64
                0x000000000000d056                sys_fstat64
                0x000000000000d099                sys_lstat64
                0x000000000000d0b4                sys_oldstat
                0x000000000000d0cc                sys_oldfstat
                0x000000000000d214                cp_block
                0x000000000000d249                is_valid_elf
                0x000000000000d28e                read_file_block_ind
                0x000000000000d323                read_file_block
                0x000000000000d422                copy_section
                0x000000000000d510                create_bss_section
                0x000000000000d536                load_elf_binary
                0x000000000000d741                do_execve
                0x000000000000dbd4                read_pipe
                0x000000000000dc6d                write_pipe
                0x000000000000dd66                sys_pipe
                0x000000000000e399                namei
                0x000000000000e44f                open_namei
                0x000000000000e6b5                sys_mkdir
                0x000000000000e96a                sys_rmdir
                0x000000000000ecdc                sys_unlink
                0x000000000000ee78                sys_link
                0x000000000000f020                free_block
                0x000000000000f15b                new_block
                0x000000000000f2de                free_inode
                0x000000000000f40a                new_inode
                0x000000000000f5ea                sys_dup2
                0x000000000000f60a                sys_dup
                0x000000000000f61a                sys_fcntl
                0x000000000000f6d7                sys_fcntl64
                0x000000000000f72c                sys_ioctl
                0x000000000000f7c9                tty_ioctl
                0x000000000000fa95                truncate
                0x000000000000fba0                sys_getdents
                0x000000000000fd2e                sys_getdents64
                0x000000000000febc                rnd_key_gen
                0x000000000000ffbe                clear_key
                0x000000000000ffcb                is_power_of_two
                0x000000000000ffe6                set_key
                0x0000000000010043                userspace_string_cpy
                0x0000000000010072                encrypt_block
                0x0000000000010215                encrypt_file
                0x0000000000010277                decrypt_block
                0x0000000000010471                decrypt_file
                0x00000000000104d3                add_enc_list
                0x0000000000010598                rm_enc_list
                0x0000000000010667                clear_enc_list
                0x00000000000106d0                print_enc_list
                0x0000000000010761                in_enc_list
 *fill*         0x00000000000107fb        0x1 90909090
 .text          0x00000000000107fc        0x0 lib/lib.a(ctype.o)
 .text          0x00000000000107fc        0xe lib/lib.a(_exit.o)
                0x00000000000107fc                _exit
 *fill*         0x000000000001080a        0x2 90909090
 .text          0x000000000001080c       0x3d lib/lib.a(open.o)
                0x000000000001080c                open
 *fill*         0x0000000000010849        0x3 90909090
 .text          0x000000000001084c       0x23 lib/lib.a(close.o)
                0x000000000001084c                close
 *fill*         0x000000000001086f        0x1 90909090
 .text          0x0000000000010870        0x0 lib/lib.a(errno.o)
 .text          0x0000000000010870       0x3d lib/lib.a(write.o)
                0x0000000000010870                write
 *fill*         0x00000000000108ad        0x3 90909090
 .text          0x00000000000108b0       0x23 lib/lib.a(dup.o)
                0x00000000000108b0                dup
 *fill*         0x00000000000108d3        0x1 90909090
 .text          0x00000000000108d4       0x1e lib/lib.a(setsid.o)
                0x00000000000108d4                setsid
 *fill*         0x00000000000108f2        0x2 90909090
 .text          0x00000000000108f4       0x3d lib/lib.a(execve.o)
                0x00000000000108f4                execve
 *fill*         0x0000000000010931        0x3 90909090
 .text          0x0000000000010934       0x60 lib/lib.a(wait.o)
                0x0000000000010934                waitpid
                0x0000000000010971                wait
 .text          0x0000000000010994      0x421 lib/lib.a(string.o)
                0x0000000000010994                strcpy
                0x00000000000109bc                strncpy
                0x00000000000109ed                strcat
                0x0000000000010a22                strncat
                0x0000000000010a61                strcmp
                0x0000000000010a8f                strncmp
                0x0000000000010ac4                strchr
                0x0000000000010ae2                strrchr
                0x0000000000010b03                strspn
                0x0000000000010b50                strcspn
                0x0000000000010b9d                strpbrk
                0x0000000000010be2                strstr
                0x0000000000010c27                strlen
                0x0000000000010c40                strtok
                0x0000000000010cd1                memcpy
                0x0000000000010cf7                memmove
                0x0000000000010d45                memcmp
                0x0000000000010d79                memchr
                0x0000000000010d9f                memset
 *(.gnu.warning)

.fini
 *(.fini)
                0x0000000000010db5                PROVIDE (__etext, .)
                0x0000000000010db5                PROVIDE (_etext, .)
                0x0000000000010db5                PROVIDE (etext, .)

.rodata         0x0000000000010dc0     0x10d4
 *(.rodata .rodata.* .gnu.linkonce.r.*)
 .rodata.str1.1
                0x0000000000010dc0       0x68 init/main.o
 .rodata.str1.4
                0x0000000000010e28       0x25 init/main.o
 *fill*         0x0000000000010e4d       0x13 00
 .rodata        0x0000000000010e60      0x270 kernel/kernel.o
 .rodata.str1.1
                0x00000000000110d0      0x2ed kernel/kernel.o
                                        0x2f6 (size before relaxing)
 *fill*         0x00000000000113bd        0x3 00
 .rodata.str1.4
                0x00000000000113c0      0x21c kernel/kernel.o
 .rodata.str1.4
                0x00000000000115dc       0xe9 mm/mm.o
 .rodata.str1.1
                0x00000000000116c5       0x68 mm/mm.o
 *fill*         0x000000000001172d       0x13 00
 .rodata        0x0000000000011740       0xc4 fs/fs.o
 .rodata.str1.1
                0x0000000000011804      0x335 fs/fs.o
                                        0x33b (size before relaxing)
 *fill*         0x0000000000011b39        0x3 00
 .rodata.str1.4
                0x0000000000011b3c      0x358 fs/fs.o
                                        0x357 (size before relaxing)

.rodata1
 *(.rodata1)

.eh_frame_hdr
 *(.eh_frame_hdr)

.eh_frame       0x0000000000011e94     0x2758
 *(.eh_frame)
 .eh_frame      0x0000000000011e94       0x74 init/main.o
 .eh_frame      0x0000000000011f08     0x1038 kernel/kernel.o
                                       0x1170 (size before relaxing)
 .eh_frame      0x0000000000012f40      0x1a8 mm/mm.o
                                        0x1c0 (size before relaxing)
 .eh_frame      0x00000000000130e8     0x11a8 fs/fs.o
                                       0x1370 (size before relaxing)
 .eh_frame      0x0000000000014290       0x1c lib/lib.a(_exit.o)
                                         0x34 (size before relaxing)
 .eh_frame      0x00000000000142ac       0x20 lib/lib.a(open.o)
                                         0x38 (size before relaxing)
 .eh_frame      0x00000000000142cc       0x1c lib/lib.a(close.o)
                                         0x34 (size before relaxing)
 .eh_frame      0x00000000000142e8       0x20 lib/lib.a(write.o)
                                         0x38 (size before relaxing)
 .eh_frame      0x0000000000014308       0x1c lib/lib.a(dup.o)
                                         0x34 (size before relaxing)
 .eh_frame      0x0000000000014324       0x14 lib/lib.a(setsid.o)
                                         0x2c (size before relaxing)
 .eh_frame      0x0000000000014338       0x20 lib/lib.a(execve.o)
                                         0x38 (size before relaxing)
 .eh_frame      0x0000000000014358       0x38 lib/lib.a(wait.o)
                                         0x50 (size before relaxing)
 .eh_frame      0x0000000000014390      0x25c lib/lib.a(string.o)
                                        0x274 (size before relaxing)

.gcc_except_table
 *(.gcc_except_table .gcc_except_table.*)

.exception_ranges
 *(.exception_ranges .exception_ranges*)
                0x00000000000145ec                . = (ALIGN (0x1000) - ((0x1000 - .) & 0xfff))
                0x0000000000015000                . = DATA_SEGMENT_ALIGN (0x1000, 0x1000)

.eh_frame
 *(.eh_frame)

.gcc_except_table
 *(.gcc_except_table .gcc_except_table.*)

.exception_ranges
 *(.exception_ranges .exception_ranges*)

.tdata
 *(.tdata .tdata.* .gnu.linkonce.td.*)

.tbss
 *(.tbss .tbss.* .gnu.linkonce.tb.*)
 *(.tcommon)

.preinit_array  0x0000000000015000        0x0
                0x0000000000015000                PROVIDE (__preinit_array_start, .)
 *(.preinit_array)
                0x0000000000015000                PROVIDE (__preinit_array_end, .)

.init_array     0x0000000000015000        0x0
                0x0000000000015000                PROVIDE (__init_array_start, .)
 *(SORT(.init_array.*) SORT(.ctors.*))
 *(.init_array)
 *(EXCLUDE_FILE(*crtend?.o *crtend.o *crtbegin?.o *crtbegin.o) .ctors)
                0x0000000000015000                PROVIDE (__init_array_end, .)

.fini_array     0x0000000000015000        0x0
                0x0000000000015000                PROVIDE (__fini_array_start, .)
 *(SORT(.fini_array.*) SORT(.dtors.*))
 *(.fini_array)
 *(EXCLUDE_FILE(*crtend?.o *crtend.o *crtbegin?.o *crtbegin.o) .dtors)
                0x0000000000015000                PROVIDE (__fini_array_end, .)

.ctors
 *crtbegin.o(.ctors)
 *crtbegin?.o(.ctors)
 *(EXCLUDE_FILE(*crtend?.o *crtend.o) .ctors)
 *(SORT(.ctors.*))
 *(.ctors)

.dtors
 *crtbegin.o(.dtors)
 *crtbegin?.o(.dtors)
 *(EXCLUDE_FILE(*crtend?.o *crtend.o) .dtors)
 *(SORT(.dtors.*))
 *(.dtors)

.jcr
 *(.jcr)

.data.rel.ro
 *(.data.rel.ro.local* .gnu.linkonce.d.rel.ro.local.*)
 *(.data.rel.ro* .gnu.linkonce.d.rel.ro.*)

.dynamic
 *(.dynamic)

.got
 *(.got)
 *(.igot)
                0x0000000000015000                . = DATA_SEGMENT_RELRO_END (., 0xc)

.got.plt        0x0000000000015000        0x0
 *(.got.plt)
 *(.igot.plt)
 .igot.plt      0x0000000000000000        0x0 boot/head.o

.data           0x0000000000015000     0x3e64
 *(.data .data.* .gnu.linkonce.d.*)
 .data          0x0000000000015000        0x0 boot/head.o
 .data          0x0000000000015000       0x18 init/main.o
 *fill*         0x0000000000015018        0x8 00
 .data          0x0000000000015020     0x3d2c kernel/kernel.o
                0x0000000000015020                stack_start
                0x0000000000015040                task
                0x0000000000015140                current
                0x0000000000015160                sys_call_table
                0x0000000000016660                table_list
                0x0000000000016680                tty_table
 .data          0x0000000000018d4c        0x0 mm/mm.o
 .data          0x0000000000018d4c        0x4 fs/fs.o
                0x0000000000018d4c                start_buffer
 *fill*         0x0000000000018d50       0x10 00
 .data          0x0000000000018d60      0x101 lib/lib.a(ctype.o)
                0x0000000000018d60                _ctype
 *fill*         0x0000000000018e61        0x3 00
 .data          0x0000000000018e64        0x0 lib/lib.a(_exit.o)
 .data          0x0000000000018e64        0x0 lib/lib.a(open.o)
 .data          0x0000000000018e64        0x0 lib/lib.a(close.o)
 .data          0x0000000000018e64        0x0 lib/lib.a(errno.o)
 .data          0x0000000000018e64        0x0 lib/lib.a(write.o)
 .data          0x0000000000018e64        0x0 lib/lib.a(dup.o)
 .data          0x0000000000018e64        0x0 lib/lib.a(setsid.o)
 .data          0x0000000000018e64        0x0 lib/lib.a(execve.o)
 .data          0x0000000000018e64        0x0 lib/lib.a(wait.o)
 .data          0x0000000000018e64        0x0 lib/lib.a(string.o)

.data1
 *(.data1)
                0x0000000000018e64                _edata = .
                0x0000000000018e64                PROVIDE (edata, .)
                0x0000000000018e64                __bss_start = .

.bss            0x0000000000018e80     0x3fec
 *(.dynbss)
 *(.bss .bss.* .gnu.linkonce.b.*)
 .bss           0x0000000000018e80        0x0 boot/head.o
 .bss           0x0000000000018e80      0x400 init/main.o
 .bss           0x0000000000019280      0x9ec kernel/kernel.o
                0x0000000000019280                last_task_used_math
                0x0000000000019284                startup_time
                0x0000000000019288                jiffies
                0x000000000001928c                last_pid
                0x00000000000196c0                scrupt_state_flag
                0x00000000000196c4                init_flag
                0x00000000000196c6                current_dir_len
                0x00000000000196c8                selected_row_index
                0x0000000000019760                do_hd
 *fill*         0x0000000000019c6c       0x14 00
 .bss           0x0000000000019c80      0xc00 mm/mm.o
 .bss           0x000000000001a880      0x710 fs/fs.o
                0x000000000001a880                inode_table
                0x000000000001af84                nr_buffers
 .bss           0x000000000001af90        0x0 lib/lib.a(ctype.o)
 .bss           0x000000000001af90        0x0 lib/lib.a(_exit.o)
 .bss           0x000000000001af90        0x0 lib/lib.a(open.o)
 .bss           0x000000000001af90        0x0 lib/lib.a(close.o)
 .bss           0x000000000001af90        0x0 lib/lib.a(errno.o)
 .bss           0x000000000001af90        0x0 lib/lib.a(write.o)
 .bss           0x000000000001af90        0x0 lib/lib.a(dup.o)
 .bss           0x000000000001af90        0x0 lib/lib.a(setsid.o)
 .bss           0x000000000001af90        0x0 lib/lib.a(execve.o)
 .bss           0x000000000001af90        0x0 lib/lib.a(wait.o)
 .bss           0x000000000001af90        0x0 lib/lib.a(string.o)
 *(COMMON)
 *fill*         0x000000000001af90       0x10 00
 COMMON         0x000000000001afa0     0x128e kernel/kernel.o
                0x000000000001afa0                clipboard
                0x000000000001b080                ls_files
                0x000000000001b1c0                root_node
                0x000000000001b1c4                is_dir
                0x000000000001b1e0                encryption_key
                0x000000000001b200                user_stack
                0x000000000001c200                current_dir_path
                0x000000000001c216                children_inodes
                0x000000000001c22a                cliboard_cursor
 *fill*         0x000000000001c22e       0x12 00
 COMMON         0x000000000001c240      0xc20 fs/fs.o
                0x000000000001c240                hash_table
                0x000000000001c720                super_block
                0x000000000001ca60                file_table
 COMMON         0x000000000001ce60        0x1 lib/lib.a(ctype.o)
                0x000000000001ce60                _ctmp
 *fill*         0x000000000001ce61        0x3 00
 COMMON         0x000000000001ce64        0x4 lib/lib.a(errno.o)
                0x000000000001ce64                errno
 COMMON         0x000000000001ce68        0x4 lib/lib.a(string.o)
                0x000000000001ce68                ___strtok
                0x000000000001ce6c                . = ALIGN ((. != 0x0)?0x4:0x1)
                0x000000000001ce6c                . = ALIGN (0x4)
                0x000000000001ce6c                . = ALIGN (0x4)
                0x000000000001ce6c                _end = .
                0x000000000001ce6c                PROVIDE (end, .)
                0x000000000001ce6c                . = DATA_SEGMENT_END (.)

.stab
 *(.stab)

.stabstr
 *(.stabstr)

.stab.excl
 *(.stab.excl)

.stab.exclstr
 *(.stab.exclstr)

.stab.index
 *(.stab.index)

.stab.indexstr
 *(.stab.indexstr)

.comment        0x0000000000000000       0x2a
 *(.comment)
 .comment       0x0000000000000000       0x2a init/main.o
                                         0x2b (size before relaxing)
 .comment       0x0000000000000000      0x22f kernel/kernel.o
 .comment       0x0000000000000000       0x2b mm/mm.o
 .comment       0x0000000000000000      0x35c fs/fs.o
 .comment       0x0000000000000000       0x2b lib/lib.a(ctype.o)
 .comment       0x0000000000000000       0x2b lib/lib.a(_exit.o)
 .comment       0x0000000000000000       0x2b lib/lib.a(open.o)
 .comment       0x0000000000000000       0x2b lib/lib.a(close.o)
 .comment       0x0000000000000000       0x2b lib/lib.a(errno.o)
 .comment       0x0000000000000000       0x2b lib/lib.a(write.o)
 .comment       0x0000000000000000       0x2b lib/lib.a(dup.o)
 .comment       0x0000000000000000       0x2b lib/lib.a(setsid.o)
 .comment       0x0000000000000000       0x2b lib/lib.a(execve.o)
 .comment       0x0000000000000000       0x2b lib/lib.a(wait.o)
 .comment       0x0000000000000000       0x2b lib/lib.a(string.o)

.debug
 *(.debug)

.line
 *(.line)

.debug_srcinfo
 *(.debug_srcinfo)

.debug_sfnames
 *(.debug_sfnames)

.debug_aranges  0x0000000000000000      0x560
 *(.debug_aranges)
 .debug_aranges
                0x0000000000000000       0x20 init/main.o
 .debug_aranges
                0x0000000000000020      0x1a0 kernel/kernel.o
 .debug_aranges
                0x00000000000001c0       0x20 mm/mm.o
 .debug_aranges
                0x00000000000001e0      0x260 fs/fs.o
 .debug_aranges
                0x0000000000000440       0x20 lib/lib.a(_exit.o)
 .debug_aranges
                0x0000000000000460       0x20 lib/lib.a(open.o)
 .debug_aranges
                0x0000000000000480       0x20 lib/lib.a(close.o)
 .debug_aranges
                0x00000000000004a0       0x20 lib/lib.a(write.o)
 .debug_aranges
                0x00000000000004c0       0x20 lib/lib.a(dup.o)
 .debug_aranges
                0x00000000000004e0       0x20 lib/lib.a(setsid.o)
 .debug_aranges
                0x0000000000000500       0x20 lib/lib.a(execve.o)
 .debug_aranges
                0x0000000000000520       0x20 lib/lib.a(wait.o)
 .debug_aranges
                0x0000000000000540       0x20 lib/lib.a(string.o)

.debug_pubnames
 *(.debug_pubnames)

.debug_info     0x0000000000000000    0x1c732
 *(.debug_info .gnu.linkonce.wi.*)
 .debug_info    0x0000000000000000      0xccf init/main.o
 .debug_info    0x0000000000000ccf     0x9963 kernel/kernel.o
 .debug_info    0x000000000000a632      0x4d6 mm/mm.o
 .debug_info    0x000000000000ab08     0xf539 fs/fs.o
 .debug_info    0x000000000001a041       0x70 lib/lib.a(ctype.o)
 .debug_info    0x000000000001a0b1      0x3af lib/lib.a(_exit.o)
 .debug_info    0x000000000001a460      0x403 lib/lib.a(open.o)
 .debug_info    0x000000000001a863      0x3ce lib/lib.a(close.o)
 .debug_info    0x000000000001ac31       0x3f lib/lib.a(errno.o)
 .debug_info    0x000000000001ac70      0x400 lib/lib.a(write.o)
 .debug_info    0x000000000001b070      0x3ce lib/lib.a(dup.o)
 .debug_info    0x000000000001b43e      0x3cb lib/lib.a(setsid.o)
 .debug_info    0x000000000001b809      0x3fc lib/lib.a(execve.o)
 .debug_info    0x000000000001bc05      0x428 lib/lib.a(wait.o)
 .debug_info    0x000000000001c02d      0x705 lib/lib.a(string.o)

.debug_abbrev   0x0000000000000000     0x497d
 *(.debug_abbrev)
 .debug_abbrev  0x0000000000000000      0x1d7 init/main.o
 .debug_abbrev  0x00000000000001d7     0x199b kernel/kernel.o
 .debug_abbrev  0x0000000000001b72      0x1af mm/mm.o
 .debug_abbrev  0x0000000000001d21     0x24c7 fs/fs.o
 .debug_abbrev  0x00000000000041e8       0x42 lib/lib.a(ctype.o)
 .debug_abbrev  0x000000000000422a       0xa3 lib/lib.a(_exit.o)
 .debug_abbrev  0x00000000000042cd       0xdc lib/lib.a(open.o)
 .debug_abbrev  0x00000000000043a9       0xb4 lib/lib.a(close.o)
 .debug_abbrev  0x000000000000445d       0x30 lib/lib.a(errno.o)
 .debug_abbrev  0x000000000000448d       0xd7 lib/lib.a(write.o)
 .debug_abbrev  0x0000000000004564       0xb4 lib/lib.a(dup.o)
 .debug_abbrev  0x0000000000004618       0xb2 lib/lib.a(setsid.o)
 .debug_abbrev  0x00000000000046ca       0xbb lib/lib.a(execve.o)
 .debug_abbrev  0x0000000000004785       0xd0 lib/lib.a(wait.o)
 .debug_abbrev  0x0000000000004855      0x128 lib/lib.a(string.o)

.debug_line     0x0000000000000000     0x3be1
 *(.debug_line)
 .debug_line    0x0000000000000000      0x11e init/main.o
 .debug_line    0x000000000000011e     0x15b5 kernel/kernel.o
 .debug_line    0x00000000000016d3      0x122 mm/mm.o
 .debug_line    0x00000000000017f5     0x1f24 fs/fs.o
 .debug_line    0x0000000000003719       0x28 lib/lib.a(ctype.o)
 .debug_line    0x0000000000003741       0x50 lib/lib.a(_exit.o)
 .debug_line    0x0000000000003791       0x76 lib/lib.a(open.o)
 .debug_line    0x0000000000003807       0x6e lib/lib.a(close.o)
 .debug_line    0x0000000000003875       0x28 lib/lib.a(errno.o)
 .debug_line    0x000000000000389d       0x8c lib/lib.a(write.o)
 .debug_line    0x0000000000003929       0x6c lib/lib.a(dup.o)
 .debug_line    0x0000000000003995       0x88 lib/lib.a(setsid.o)
 .debug_line    0x0000000000003a1d       0x73 lib/lib.a(execve.o)
 .debug_line    0x0000000000003a90       0x90 lib/lib.a(wait.o)
 .debug_line    0x0000000000003b20       0xc1 lib/lib.a(string.o)

.debug_frame
 *(.debug_frame)

.debug_str      0x0000000000000000     0x1e32
 *(.debug_str)
 .debug_str     0x0000000000000000      0x3f9 init/main.o
                                        0x4ab (size before relaxing)
 .debug_str     0x00000000000003f9      0xd78 kernel/kernel.o
                                       0x34f0 (size before relaxing)
 .debug_str     0x0000000000001171      0x12c mm/mm.o
                                        0x1c7 (size before relaxing)
 .debug_str     0x000000000000129d      0xac4 fs/fs.o
                                       0x5a39 (size before relaxing)
 .debug_str     0x0000000000001d61       0x2c lib/lib.a(ctype.o)
                                         0x6c (size before relaxing)
 .debug_str     0x0000000000001d8d        0x8 lib/lib.a(_exit.o)
                                        0x28a (size before relaxing)
 .debug_str     0x0000000000000000        0x8 lib/lib.a(open.o)
                                        0x29a (size before relaxing)
 .debug_str     0x0000000000001d95        0x8 lib/lib.a(close.o)
                                        0x28c (size before relaxing)
 .debug_str     0x0000000000001d9d        0x8 lib/lib.a(errno.o)
                                         0x3e (size before relaxing)
 .debug_str     0x0000000000000000        0x8 lib/lib.a(write.o)
                                        0x298 (size before relaxing)
 .debug_str     0x0000000000001da5        0x6 lib/lib.a(dup.o)
                                        0x284 (size before relaxing)
 .debug_str     0x0000000000001dab        0x9 lib/lib.a(setsid.o)
                                        0x294 (size before relaxing)
 .debug_str     0x0000000000001db4        0x9 lib/lib.a(execve.o)
                                        0x29d (size before relaxing)
 .debug_str     0x0000000000001dbd       0x11 lib/lib.a(wait.o)
                                        0x2aa (size before relaxing)
 .debug_str     0x0000000000001dce       0x64 lib/lib.a(string.o)
                                         0xf2 (size before relaxing)

.debug_loc      0x0000000000000000     0xc56d
 *(.debug_loc)
 .debug_loc     0x0000000000000000      0x256 init/main.o
 .debug_loc     0x0000000000000256     0x44f8 kernel/kernel.o
 .debug_loc     0x000000000000474e      0x640 mm/mm.o
 .debug_loc     0x0000000000004d8e     0x720c fs/fs.o
 .debug_loc     0x000000000000bf9a       0x2c lib/lib.a(_exit.o)
 .debug_loc     0x000000000000bfc6       0x3f lib/lib.a(open.o)
 .debug_loc     0x000000000000c005       0x3f lib/lib.a(close.o)
 .debug_loc     0x000000000000c044       0x57 lib/lib.a(write.o)
 .debug_loc     0x000000000000c09b       0x3f lib/lib.a(dup.o)
 .debug_loc     0x000000000000c0da       0x13 lib/lib.a(setsid.o)
 .debug_loc     0x000000000000c0ed       0x57 lib/lib.a(execve.o)
 .debug_loc     0x000000000000c144       0x83 lib/lib.a(wait.o)
 .debug_loc     0x000000000000c1c7      0x3a6 lib/lib.a(string.o)

.debug_macinfo
 *(.debug_macinfo)

.debug_weaknames
 *(.debug_weaknames)

.debug_funcnames
 *(.debug_funcnames)

.debug_typenames
 *(.debug_typenames)

.debug_varnames
 *(.debug_varnames)

.debug_pubtypes
 *(.debug_pubtypes)

.debug_ranges   0x0000000000000000      0x4a0
 *(.debug_ranges)
 .debug_ranges  0x0000000000000000      0x150 kernel/kernel.o
 .debug_ranges  0x0000000000000150      0x350 fs/fs.o

.gnu.attributes
 *(.gnu.attributes)

/DISCARD/
 *(.note.GNU-stack)
 *(.gnu_debuglink)
 *(.gnu.lto_*)
OUTPUT(tools/system elf32-i386)
