Archive member included because of file (symbol)

lib/lib.a(ctype.o)            kernel/kernel.o (_ctype)
lib/lib.a(_exit.o)            init/main.o (_exit)
lib/lib.a(open.o)             init/main.o (open)
lib/lib.a(close.o)            init/main.o (close)
lib/lib.a(errno.o)            init/main.o (errno)
lib/lib.a(write.o)            init/main.o (write)
lib/lib.a(dup.o)              init/main.o (dup)
lib/lib.a(setsid.o)           init/main.o (setsid)
lib/lib.a(execve.o)           init/main.o (execve)
lib/lib.a(wait.o)             init/main.o (wait)
lib/lib.a(string.o)           kernel/kernel.o (memcpy)

Allocating common symbols
Common symbol       size              file

clipboard           0xc8              kernel/kernel.o
ls_files            0x140             kernel/kernel.o
errno               0x4               lib/lib.a(errno.o)
hash_table          0x4cc             fs/fs.o
___strtok           0x4               lib/lib.a(string.o)
root_node           0x4               kernel/kernel.o
is_dir              0xa               kernel/kernel.o
encryption_key      0x400             fs/fs.o
user_stack          0x1000            kernel/kernel.o
current_dir_path    0x16              kernel/kernel.o
_ctmp               0x1               lib/lib.a(ctype.o)
children_inodes     0x14              kernel/kernel.o
cliboard_cursor     0x4               kernel/kernel.o
super_block         0x340             fs/fs.o
file_table          0x400             fs/fs.o

Discarded input sections

 .note.GNU-stack
                0x0000000000000000        0x0 init/main.o
 .note.GNU-stack
                0x0000000000000000        0x0 kernel/kernel.o
 .note.GNU-stack
                0x0000000000000000        0x0 mm/mm.o
 .note.GNU-stack
                0x0000000000000000        0x0 fs/fs.o
 .note.GNU-stack
                0x0000000000000000        0x0 lib/lib.a(ctype.o)
 .note.GNU-stack
                0x0000000000000000        0x0 lib/lib.a(_exit.o)
 .note.GNU-stack
                0x0000000000000000        0x0 lib/lib.a(open.o)
 .note.GNU-stack
                0x0000000000000000        0x0 lib/lib.a(close.o)
 .note.GNU-stack
                0x0000000000000000        0x0 lib/lib.a(errno.o)
 .note.GNU-stack
                0x0000000000000000        0x0 lib/lib.a(write.o)
 .note.GNU-stack
                0x0000000000000000        0x0 lib/lib.a(dup.o)
 .note.GNU-stack
                0x0000000000000000        0x0 lib/lib.a(setsid.o)
 .note.GNU-stack
                0x0000000000000000        0x0 lib/lib.a(execve.o)
 .note.GNU-stack
                0x0000000000000000        0x0 lib/lib.a(wait.o)
 .note.GNU-stack
                0x0000000000000000        0x0 lib/lib.a(string.o)

Memory Configuration

Name             Origin             Length             Attributes
*default*        0x0000000000000000 0xffffffffffffffff

Linker script and memory map

Address of section .text set to 0x0
LOAD boot/head.o
LOAD init/main.o
LOAD kernel/kernel.o
LOAD mm/mm.o
LOAD fs/fs.o
LOAD lib/lib.a
                0x0000000008048000                PROVIDE (__executable_start, 0x8048000)
                0x0000000008048094                . = (0x8048000 + SIZEOF_HEADERS)

.interp
 *(.interp)

.note.gnu.build-id
 *(.note.gnu.build-id)

.hash
 *(.hash)

.gnu.hash
 *(.gnu.hash)

.dynsym
 *(.dynsym)

.dynstr
 *(.dynstr)

.gnu.version
 *(.gnu.version)

.gnu.version_d
 *(.gnu.version_d)

.gnu.version_r
 *(.gnu.version_r)

.rel.dyn        0x0000000008048094        0x0
 *(.rel.init)
 *(.rel.text .rel.text.* .rel.gnu.linkonce.t.*)
 .rel.text      0x0000000000000000        0x0 boot/head.o
 *(.rel.fini)
 *(.rel.rodata .rel.rodata.* .rel.gnu.linkonce.r.*)
 *(.rel.data.rel.ro* .rel.gnu.linkonce.d.rel.ro.*)
 *(.rel.data .rel.data.* .rel.gnu.linkonce.d.*)
 .rel.data      0x0000000000000000        0x0 boot/head.o
 *(.rel.tdata .rel.tdata.* .rel.gnu.linkonce.td.*)
 *(.rel.tbss .rel.tbss.* .rel.gnu.linkonce.tb.*)
 *(.rel.ctors)
 *(.rel.dtors)
 *(.rel.got)
 *(.rel.bss .rel.bss.* .rel.gnu.linkonce.b.*)
 *(.rel.ifunc)

.rel.plt        0x0000000008048094        0x0
 *(.rel.plt)
                0x0000000008048094                PROVIDE (__rel_iplt_start, .)
 *(.rel.iplt)
 .rel.iplt      0x0000000000000000        0x0 boot/head.o
                0x0000000008048094                PROVIDE (__rel_iplt_end, .)

.init
 *(.init)

.plt            0x00000000080480a0        0x0
 *(.plt)
 *(.iplt)
 .iplt          0x0000000000000000        0x0 boot/head.o

.text           0x0000000000000000    0x104cd
 *(.text.unlikely .text.*_unlikely)
 *(.text.exit .text.exit.*)
 *(.text.startup .text.startup.*)
 *(.text.hot .text.hot.*)
 *(.text .stub .text.* .gnu.linkonce.t.*)
 .text          0x0000000000000000     0x5078 boot/head.o
                0x0000000000000000                startup_32
                0x0000000000000000                pg_dir
                0x0000000000004078                idt
                0x0000000000004878                gdt
 *fill*         0x0000000000005078        0x8 90909090
 .text          0x0000000000005080      0x370 init/main.o
                0x00000000000050c1                init
                0x0000000000005232                main
 .text          0x00000000000053f0     0x53e7 kernel/kernel.o
                0x00000000000053f0                sys_alarm
                0x0000000000005417                sys_getpid
                0x0000000000005423                sys_getppid
                0x000000000000542f                sys_getuid
                0x000000000000543c                sys_geteuid
                0x0000000000005449                sys_getgid
                0x0000000000005456                sys_getegid
                0x0000000000005463                sys_nice
                0x000000000000547c                sys_signal
                0x00000000000054b9                math_state_restore
                0x00000000000054f0                schedule
                0x00000000000055e1                sys_pause
                0x00000000000055f7                sleep_on
                0x0000000000005651                interruptible_sleep_on
                0x00000000000056bb                wake_up
                0x00000000000056d7                do_timer
                0x000000000000571d                sched_init
                0x0000000000005844                system_call
                0x0000000000005936                timer_interrupt
                0x000000000000596e                sys_execve
                0x000000000000597c                sys_fork
                0x0000000000005994                hd_interrupt
                0x0000000000005b41                do_double_fault
                0x0000000000005b5a                do_general_protection
                0x0000000000005b73                do_divide_error
                0x0000000000005b8c                do_int3
                0x0000000000005c44                do_nmi
                0x0000000000005c5d                do_debug
                0x0000000000005c76                do_overflow
                0x0000000000005c8f                do_bounds
                0x0000000000005ca8                do_invalid_op
                0x0000000000005cc1                do_device_not_available
                0x0000000000005cda                do_coprocessor_segment_overrun
                0x0000000000005cf3                do_invalid_TSS
                0x0000000000005d0c                do_segment_not_present
                0x0000000000005d25                do_stack_segment
                0x0000000000005d3e                do_coprocessor_error
                0x0000000000005d57                do_reserved
                0x0000000000005d70                trap_init
                0x0000000000005f2c                divide_error
                0x0000000000005f61                debug
                0x0000000000005f68                nmi
                0x0000000000005f6f                int3
                0x0000000000005f76                overflow
                0x0000000000005f7d                bounds
                0x0000000000005f84                invalid_op
                0x0000000000005f93                device_not_available
                0x0000000000005fc0                coprocessor_segment_overrun
                0x0000000000005fca                reserved
                0x0000000000005fd4                coprocessor_error
                0x0000000000005fde                double_fault
                0x0000000000006015                invalid_TSS
                0x000000000000601c                segment_not_present
                0x0000000000006023                stack_segment
                0x000000000000602a                general_protection
                0x0000000000006034                verify_area
                0x0000000000006099                copy_mem
                0x000000000000618f                copy_process
                0x000000000000641e                find_empty_process
                0x0000000000006480                panic
                0x000000000000649c                printk
                0x0000000000006726                vsprintf
                0x0000000000006a90                tty_init
                0x0000000000006aa1                tty_intr
                0x0000000000006ae6                copy_to_cooked
                0x0000000000006d66                tty_read
                0x000000000000702c                tty_write
                0x0000000000007209                do_tty_interrupt
                0x0000000000007230                print_clipboard
                0x0000000000007325                render_border
                0x000000000000747e                get_children_from_fs
                0x00000000000076cd                render_ls
                0x0000000000007897                clear_cliboard
                0x00000000000078bf                get_currsor_vm_pos
                0x00000000000078e4                move_cursor_col
                0x0000000000007920                print_to_clb
                0x00000000000079d7                f2_handle
                0x0000000000007a4a                short_len
                0x0000000000007a67                print_entry
                0x0000000000007ae0                short_to_str
                0x0000000000007b18                arrow_down_handle
                0x0000000000007bf7                arrow_up_handle
                0x0000000000007ccb                arrow_right_handle
                0x0000000000007d8c                arrow_left_handle
                0x0000000000007e32                space_handle
                0x0000000000007f38                csi_m
                0x0000000000007f93                con_write
                0x00000000000088fa                con_init
                0x00000000000089a7                keyboard_interrupt
                0x0000000000009278                rs1_interrupt
                0x0000000000009280                rs2_interrupt
                0x00000000000099e9                rw_hd
                0x0000000000009a92                sys_setup
                0x0000000000009b91                unexpected_hd_interrupt
                0x0000000000009ba4                hd_init
                0x0000000000009c14                sys_encr
                0x0000000000009c9e                sys_decr
                0x0000000000009ca4                sys_keyset
                0x0000000000009cda                sys_keyclear
                0x0000000000009ce0                sys_keygen
                0x0000000000009ce6                sys_ftime
                0x0000000000009cec                sys_mknod
                0x0000000000009cf2                sys_break
                0x0000000000009cf8                sys_mount
                0x0000000000009cfe                sys_umount
                0x0000000000009d04                sys_ustat
                0x0000000000009d0a                sys_ptrace
                0x0000000000009d10                sys_stty
                0x0000000000009d16                sys_gtty
                0x0000000000009d1c                sys_rename
                0x0000000000009d22                sys_prof
                0x0000000000009d28                sys_setgid
                0x0000000000009d85                sys_acct
                0x0000000000009d8b                sys_phys
                0x0000000000009d91                sys_lock
                0x0000000000009d97                sys_mpx
                0x0000000000009d9d                sys_ulimit
                0x0000000000009da3                sys_time
                0x0000000000009df6                sys_setuid
                0x0000000000009e4f                sys_stime
                0x0000000000009e9c                sys_times
                0x0000000000009ef5                sys_brk
                0x0000000000009f28                sys_setpgid
                0x0000000000009f9d                sys_getpgrp
                0x0000000000009fa9                sys_setsid
                0x0000000000009ffe                sys_oldolduname
                0x000000000000a016                sys_uname
                0x000000000000a063                sys_umask
                0x000000000000a081                sys_null
                0x000000000000a0b0                release
                0x000000000000a10a                do_kill
                0x000000000000a383                sys_kill
                0x000000000000a3b9                do_exit
                0x000000000000a54c                sys_exit
                0x000000000000a567                sys_waitpid
                0x000000000000a6ee                rs_init
                0x000000000000a746                rs_write
                0x000000000000a770                kernel_mktime
 *fill*         0x000000000000a7d7        0x1 90909090
 .text          0x000000000000a7d8      0x517 mm/mm.o
                0x000000000000a7d8                invalidate
                0x000000000000a7e1                copy_page
                0x000000000000a806                get_free_page
                0x000000000000a83e                free_page
                0x000000000000a89e                free_page_tables
                0x000000000000a94e                copy_page_tables
                0x000000000000aa48                put_page
                0x000000000000aaf5                un_wp_page
                0x000000000000ab85                do_wp_page
                0x000000000000abb5                write_verify
                0x000000000000abf4                do_no_page
                0x000000000000ac24                calc_mem
                0x000000000000acb8                page_fault
 *fill*         0x000000000000acef        0x1 90909090
 .text          0x000000000000acf0     0x5223 fs/fs.o
                0x000000000000acf0                sys_utime
                0x000000000000ad59                sys_access
                0x000000000000adf0                sys_chdir
                0x000000000000ae53                sys_chroot
                0x000000000000aeb6                sys_chmod
                0x000000000000af4b                sys_chown
                0x000000000000afb2                sys_open
                0x000000000000b146                sys_creat
                0x000000000000b169                sys_close
                0x000000000000b1f0                sys_lseek
                0x000000000000b2ac                sys_read
                0x000000000000b407                sys_write
                0x000000000000b91b                sync_inodes
                0x000000000000b965                bmap
                0x000000000000b97e                create_block
                0x000000000000b997                iput
                0x000000000000ba85                get_empty_inode
                0x000000000000bb73                get_pipe_inode
                0x000000000000bbba                iget
                0x000000000000bda7                sys_sync
                0x000000000000be0f                brelse
                0x000000000000be61                get_hash_table
                0x000000000000bec0                getblk
                0x000000000000c15f                bread
                0x000000000000c1b9                buffer_init
                0x000000000000c254                do_mount
                0x000000000000c45f                mount_root
                0x000000000000c5b0                block_write
                0x000000000000c693                block_read
                0x000000000000c76a                ll_rw_block
                0x000000000000c833                rw_char
                0x000000000000c8a4                file_read
                0x000000000000ca4f                file_write
                0x000000000000ccee                sys_stat
                0x000000000000cd33                sys_lstat
                0x000000000000cd4e                sys_fstat
                0x000000000000cd91                sys_stat64
                0x000000000000cdd6                sys_fstat64
                0x000000000000ce19                sys_lstat64
                0x000000000000ce34                sys_oldstat
                0x000000000000ce4c                sys_oldfstat
                0x000000000000cf94                cp_block
                0x000000000000cfc9                is_valid_elf
                0x000000000000d00e                read_file_block_ind
                0x000000000000d0a3                read_file_block
                0x000000000000d1a2                copy_section
                0x000000000000d290                create_bss_section
                0x000000000000d2b6                load_elf_binary
                0x000000000000d4c1                do_execve
                0x000000000000d954                read_pipe
                0x000000000000d9ed                write_pipe
                0x000000000000dae6                sys_pipe
                0x000000000000e119                namei
                0x000000000000e1cf                open_namei
                0x000000000000e435                sys_mkdir
                0x000000000000e6ea                sys_rmdir
                0x000000000000ea5c                sys_unlink
                0x000000000000ebf8                sys_link
                0x000000000000eda0                free_block
                0x000000000000eedb                new_block
                0x000000000000f05e                free_inode
                0x000000000000f18a                new_inode
                0x000000000000f36a                sys_dup2
                0x000000000000f38a                sys_dup
                0x000000000000f39a                sys_fcntl
                0x000000000000f457                sys_fcntl64
                0x000000000000f4ac                sys_ioctl
                0x000000000000f549                tty_ioctl
                0x000000000000f815                truncate
                0x000000000000f920                sys_getdents
                0x000000000000faae                sys_getdents64
                0x000000000000fc3c                encrypt_block
                0x000000000000fe16                encrypt_file
                0x000000000000fe6c                is_power_of_two
                0x000000000000fe87                set_key
                0x000000000000fee4                userspace_string_cpy
 *fill*         0x000000000000ff13        0x1 90909090
 .text          0x000000000000ff14        0x0 lib/lib.a(ctype.o)
 .text          0x000000000000ff14        0xe lib/lib.a(_exit.o)
                0x000000000000ff14                _exit
 *fill*         0x000000000000ff22        0x2 90909090
 .text          0x000000000000ff24       0x3d lib/lib.a(open.o)
                0x000000000000ff24                open
 *fill*         0x000000000000ff61        0x3 90909090
 .text          0x000000000000ff64       0x23 lib/lib.a(close.o)
                0x000000000000ff64                close
 *fill*         0x000000000000ff87        0x1 90909090
 .text          0x000000000000ff88        0x0 lib/lib.a(errno.o)
 .text          0x000000000000ff88       0x3d lib/lib.a(write.o)
                0x000000000000ff88                write
 *fill*         0x000000000000ffc5        0x3 90909090
 .text          0x000000000000ffc8       0x23 lib/lib.a(dup.o)
                0x000000000000ffc8                dup
 *fill*         0x000000000000ffeb        0x1 90909090
 .text          0x000000000000ffec       0x1e lib/lib.a(setsid.o)
                0x000000000000ffec                setsid
 *fill*         0x000000000001000a        0x2 90909090
 .text          0x000000000001000c       0x3d lib/lib.a(execve.o)
                0x000000000001000c                execve
 *fill*         0x0000000000010049        0x3 90909090
 .text          0x000000000001004c       0x60 lib/lib.a(wait.o)
                0x000000000001004c                waitpid
                0x0000000000010089                wait
 .text          0x00000000000100ac      0x421 lib/lib.a(string.o)
                0x00000000000100ac                strcpy
                0x00000000000100d4                strncpy
                0x0000000000010105                strcat
                0x000000000001013a                strncat
                0x0000000000010179                strcmp
                0x00000000000101a7                strncmp
                0x00000000000101dc                strchr
                0x00000000000101fa                strrchr
                0x000000000001021b                strspn
                0x0000000000010268                strcspn
                0x00000000000102b5                strpbrk
                0x00000000000102fa                strstr
                0x000000000001033f                strlen
                0x0000000000010358                strtok
                0x00000000000103e9                memcpy
                0x000000000001040f                memmove
                0x000000000001045d                memcmp
                0x0000000000010491                memchr
                0x00000000000104b7                memset
 *(.gnu.warning)

.fini
 *(.fini)
                0x00000000000104cd                PROVIDE (__etext, .)
                0x00000000000104cd                PROVIDE (_etext, .)
                0x00000000000104cd                PROVIDE (etext, .)

.rodata         0x00000000000104e0     0x108c
 *(.rodata .rodata.* .gnu.linkonce.r.*)
 .rodata.str1.1
                0x00000000000104e0       0x68 init/main.o
 .rodata.str1.4
                0x0000000000010548       0x25 init/main.o
 *fill*         0x000000000001056d       0x13 00
 .rodata        0x0000000000010580      0x270 kernel/kernel.o
 .rodata.str1.1
                0x00000000000107f0      0x2a9 kernel/kernel.o
                                        0x2b2 (size before relaxing)
 *fill*         0x0000000000010a99        0x3 00
 .rodata.str1.4
                0x0000000000010a9c      0x1fc kernel/kernel.o
 .rodata.str1.4
                0x0000000000010c98       0xe9 mm/mm.o
 .rodata.str1.1
                0x0000000000010d81       0x68 mm/mm.o
 *fill*         0x0000000000010de9       0x17 00
 .rodata        0x0000000000010e00       0xc4 fs/fs.o
 .rodata.str1.1
                0x0000000000010ec4      0x34d fs/fs.o
                                        0x353 (size before relaxing)
 *fill*         0x0000000000011211        0x3 00
 .rodata.str1.4
                0x0000000000011214      0x358 fs/fs.o
                                        0x357 (size before relaxing)

.rodata1
 *(.rodata1)

.eh_frame_hdr
 *(.eh_frame_hdr)

.eh_frame       0x000000000001156c     0x2550
 *(.eh_frame)
 .eh_frame      0x000000000001156c       0x74 init/main.o
 .eh_frame      0x00000000000115e0     0x1018 kernel/kernel.o
                                       0x1150 (size before relaxing)
 .eh_frame      0x00000000000125f8      0x1a8 mm/mm.o
                                        0x1c0 (size before relaxing)
 .eh_frame      0x00000000000127a0      0xfc0 fs/fs.o
                                       0x1188 (size before relaxing)
 .eh_frame      0x0000000000013760       0x1c lib/lib.a(_exit.o)
                                         0x34 (size before relaxing)
 .eh_frame      0x000000000001377c       0x20 lib/lib.a(open.o)
                                         0x38 (size before relaxing)
 .eh_frame      0x000000000001379c       0x1c lib/lib.a(close.o)
                                         0x34 (size before relaxing)
 .eh_frame      0x00000000000137b8       0x20 lib/lib.a(write.o)
                                         0x38 (size before relaxing)
 .eh_frame      0x00000000000137d8       0x1c lib/lib.a(dup.o)
                                         0x34 (size before relaxing)
 .eh_frame      0x00000000000137f4       0x14 lib/lib.a(setsid.o)
                                         0x2c (size before relaxing)
 .eh_frame      0x0000000000013808       0x20 lib/lib.a(execve.o)
                                         0x38 (size before relaxing)
 .eh_frame      0x0000000000013828       0x38 lib/lib.a(wait.o)
                                         0x50 (size before relaxing)
 .eh_frame      0x0000000000013860      0x25c lib/lib.a(string.o)
                                        0x274 (size before relaxing)

.gcc_except_table
 *(.gcc_except_table .gcc_except_table.*)

.exception_ranges
 *(.exception_ranges .exception_ranges*)
                0x0000000000013abc                . = (ALIGN (0x1000) - ((0x1000 - .) & 0xfff))
                0x0000000000014abc                . = DATA_SEGMENT_ALIGN (0x1000, 0x1000)

.eh_frame
 *(.eh_frame)

.gcc_except_table
 *(.gcc_except_table .gcc_except_table.*)

.exception_ranges
 *(.exception_ranges .exception_ranges*)

.tdata
 *(.tdata .tdata.* .gnu.linkonce.td.*)

.tbss
 *(.tbss .tbss.* .gnu.linkonce.tb.*)
 *(.tcommon)

.preinit_array  0x0000000000014abc        0x0
                0x0000000000014abc                PROVIDE (__preinit_array_start, .)
 *(.preinit_array)
                0x0000000000014abc                PROVIDE (__preinit_array_end, .)

.init_array     0x0000000000014abc        0x0
                0x0000000000014abc                PROVIDE (__init_array_start, .)
 *(SORT(.init_array.*) SORT(.ctors.*))
 *(.init_array)
 *(EXCLUDE_FILE(*crtend?.o *crtend.o *crtbegin?.o *crtbegin.o) .ctors)
                0x0000000000014abc                PROVIDE (__init_array_end, .)

.fini_array     0x0000000000014abc        0x0
                0x0000000000014abc                PROVIDE (__fini_array_start, .)
 *(SORT(.fini_array.*) SORT(.dtors.*))
 *(.fini_array)
 *(EXCLUDE_FILE(*crtend?.o *crtend.o *crtbegin?.o *crtbegin.o) .dtors)
                0x0000000000014abc                PROVIDE (__fini_array_end, .)

.ctors
 *crtbegin.o(.ctors)
 *crtbegin?.o(.ctors)
 *(EXCLUDE_FILE(*crtend?.o *crtend.o) .ctors)
 *(SORT(.ctors.*))
 *(.ctors)

.dtors
 *crtbegin.o(.dtors)
 *crtbegin?.o(.dtors)
 *(EXCLUDE_FILE(*crtend?.o *crtend.o) .dtors)
 *(SORT(.dtors.*))
 *(.dtors)

.jcr
 *(.jcr)

.data.rel.ro
 *(.data.rel.ro.local* .gnu.linkonce.d.rel.ro.local.*)
 *(.data.rel.ro* .gnu.linkonce.d.rel.ro.*)

.dynamic
 *(.dynamic)

.got
 *(.got)
 *(.igot)
                0x0000000000014abc                . = DATA_SEGMENT_RELRO_END (., 0xc)

.got.plt        0x0000000000014abc        0x0
 *(.got.plt)
 *(.igot.plt)
 .igot.plt      0x0000000000000000        0x0 boot/head.o

.data           0x0000000000014ac0     0x3e64
 *(.data .data.* .gnu.linkonce.d.*)
 .data          0x0000000000014ac0        0x0 boot/head.o
 .data          0x0000000000014ac0       0x18 init/main.o
 *fill*         0x0000000000014ad8        0x8 00
 .data          0x0000000000014ae0     0x3d2c kernel/kernel.o
                0x0000000000014ae0                stack_start
                0x0000000000014b00                task
                0x0000000000014c00                current
                0x0000000000014c20                sys_call_table
                0x0000000000016120                table_list
                0x0000000000016140                tty_table
 .data          0x000000000001880c        0x0 mm/mm.o
 .data          0x000000000001880c        0x4 fs/fs.o
                0x000000000001880c                start_buffer
 *fill*         0x0000000000018810       0x10 00
 .data          0x0000000000018820      0x101 lib/lib.a(ctype.o)
                0x0000000000018820                _ctype
 *fill*         0x0000000000018921        0x3 00
 .data          0x0000000000018924        0x0 lib/lib.a(_exit.o)
 .data          0x0000000000018924        0x0 lib/lib.a(open.o)
 .data          0x0000000000018924        0x0 lib/lib.a(close.o)
 .data          0x0000000000018924        0x0 lib/lib.a(errno.o)
 .data          0x0000000000018924        0x0 lib/lib.a(write.o)
 .data          0x0000000000018924        0x0 lib/lib.a(dup.o)
 .data          0x0000000000018924        0x0 lib/lib.a(setsid.o)
 .data          0x0000000000018924        0x0 lib/lib.a(execve.o)
 .data          0x0000000000018924        0x0 lib/lib.a(wait.o)
 .data          0x0000000000018924        0x0 lib/lib.a(string.o)

.data1
 *(.data1)
                0x0000000000018924                _edata = .
                0x0000000000018924                PROVIDE (edata, .)
                0x0000000000018924                __bss_start = .

.bss            0x0000000000018940     0x43cc
 *(.dynbss)
 *(.bss .bss.* .gnu.linkonce.b.*)
 .bss           0x0000000000018940        0x0 boot/head.o
 .bss           0x0000000000018940      0x400 init/main.o
 .bss           0x0000000000018d40      0x9ec kernel/kernel.o
                0x0000000000018d40                last_task_used_math
                0x0000000000018d44                startup_time
                0x0000000000018d48                jiffies
                0x0000000000018d4c                last_pid
                0x0000000000019180                scrupt_state_flag
                0x0000000000019184                init_flag
                0x0000000000019186                current_dir_len
                0x0000000000019188                selected_row_index
                0x0000000000019220                do_hd
 *fill*         0x000000000001972c       0x14 00
 .bss           0x0000000000019740      0xc00 mm/mm.o
 .bss           0x000000000001a340      0x710 fs/fs.o
                0x000000000001a340                inode_table
                0x000000000001aa44                nr_buffers
 .bss           0x000000000001aa50        0x0 lib/lib.a(ctype.o)
 .bss           0x000000000001aa50        0x0 lib/lib.a(_exit.o)
 .bss           0x000000000001aa50        0x0 lib/lib.a(open.o)
 .bss           0x000000000001aa50        0x0 lib/lib.a(close.o)
 .bss           0x000000000001aa50        0x0 lib/lib.a(errno.o)
 .bss           0x000000000001aa50        0x0 lib/lib.a(write.o)
 .bss           0x000000000001aa50        0x0 lib/lib.a(dup.o)
 .bss           0x000000000001aa50        0x0 lib/lib.a(setsid.o)
 .bss           0x000000000001aa50        0x0 lib/lib.a(execve.o)
 .bss           0x000000000001aa50        0x0 lib/lib.a(wait.o)
 .bss           0x000000000001aa50        0x0 lib/lib.a(string.o)
 *(COMMON)
 *fill*         0x000000000001aa50       0x10 00
 COMMON         0x000000000001aa60     0x126e kernel/kernel.o
                0x000000000001aa60                clipboard
                0x000000000001ab40                ls_files
                0x000000000001ac80                root_node
                0x000000000001ac84                is_dir
                0x000000000001aca0                user_stack
                0x000000000001bca0                current_dir_path
                0x000000000001bcb6                children_inodes
                0x000000000001bcca                cliboard_cursor
 *fill*         0x000000000001bcce       0x12 00
 COMMON         0x000000000001bce0     0x1020 fs/fs.o
                0x000000000001bce0                hash_table
                0x000000000001c1c0                encryption_key
                0x000000000001c5c0                super_block
                0x000000000001c900                file_table
 COMMON         0x000000000001cd00        0x1 lib/lib.a(ctype.o)
                0x000000000001cd00                _ctmp
 *fill*         0x000000000001cd01        0x3 00
 COMMON         0x000000000001cd04        0x4 lib/lib.a(errno.o)
                0x000000000001cd04                errno
 COMMON         0x000000000001cd08        0x4 lib/lib.a(string.o)
                0x000000000001cd08                ___strtok
                0x000000000001cd0c                . = ALIGN ((. != 0x0)?0x4:0x1)
                0x000000000001cd0c                . = ALIGN (0x4)
                0x000000000001cd0c                . = ALIGN (0x4)
                0x000000000001cd0c                _end = .
                0x000000000001cd0c                PROVIDE (end, .)
                0x000000000001cd0c                . = DATA_SEGMENT_END (.)

.stab
 *(.stab)

.stabstr
 *(.stabstr)

.stab.excl
 *(.stab.excl)

.stab.exclstr
 *(.stab.exclstr)

.stab.index
 *(.stab.index)

.stab.indexstr
 *(.stab.indexstr)

.comment        0x0000000000000000       0x2a
 *(.comment)
 .comment       0x0000000000000000       0x2a init/main.o
                                         0x2b (size before relaxing)
 .comment       0x0000000000000000      0x22f kernel/kernel.o
 .comment       0x0000000000000000       0x2b mm/mm.o
 .comment       0x0000000000000000      0x35c fs/fs.o
 .comment       0x0000000000000000       0x2b lib/lib.a(ctype.o)
 .comment       0x0000000000000000       0x2b lib/lib.a(_exit.o)
 .comment       0x0000000000000000       0x2b lib/lib.a(open.o)
 .comment       0x0000000000000000       0x2b lib/lib.a(close.o)
 .comment       0x0000000000000000       0x2b lib/lib.a(errno.o)
 .comment       0x0000000000000000       0x2b lib/lib.a(write.o)
 .comment       0x0000000000000000       0x2b lib/lib.a(dup.o)
 .comment       0x0000000000000000       0x2b lib/lib.a(setsid.o)
 .comment       0x0000000000000000       0x2b lib/lib.a(execve.o)
 .comment       0x0000000000000000       0x2b lib/lib.a(wait.o)
 .comment       0x0000000000000000       0x2b lib/lib.a(string.o)

.debug
 *(.debug)

.line
 *(.line)

.debug_srcinfo
 *(.debug_srcinfo)

.debug_sfnames
 *(.debug_sfnames)

.debug_aranges  0x0000000000000000      0x560
 *(.debug_aranges)
 .debug_aranges
                0x0000000000000000       0x20 init/main.o
 .debug_aranges
                0x0000000000000020      0x1a0 kernel/kernel.o
 .debug_aranges
                0x00000000000001c0       0x20 mm/mm.o
 .debug_aranges
                0x00000000000001e0      0x260 fs/fs.o
 .debug_aranges
                0x0000000000000440       0x20 lib/lib.a(_exit.o)
 .debug_aranges
                0x0000000000000460       0x20 lib/lib.a(open.o)
 .debug_aranges
                0x0000000000000480       0x20 lib/lib.a(close.o)
 .debug_aranges
                0x00000000000004a0       0x20 lib/lib.a(write.o)
 .debug_aranges
                0x00000000000004c0       0x20 lib/lib.a(dup.o)
 .debug_aranges
                0x00000000000004e0       0x20 lib/lib.a(setsid.o)
 .debug_aranges
                0x0000000000000500       0x20 lib/lib.a(execve.o)
 .debug_aranges
                0x0000000000000520       0x20 lib/lib.a(wait.o)
 .debug_aranges
                0x0000000000000540       0x20 lib/lib.a(string.o)

.debug_pubnames
 *(.debug_pubnames)

.debug_info     0x0000000000000000    0x1bb16
 *(.debug_info .gnu.linkonce.wi.*)
 .debug_info    0x0000000000000000      0xccf init/main.o
 .debug_info    0x0000000000000ccf     0x9810 kernel/kernel.o
 .debug_info    0x000000000000a4df      0x4d6 mm/mm.o
 .debug_info    0x000000000000a9b5     0xea70 fs/fs.o
 .debug_info    0x0000000000019425       0x70 lib/lib.a(ctype.o)
 .debug_info    0x0000000000019495      0x3af lib/lib.a(_exit.o)
 .debug_info    0x0000000000019844      0x403 lib/lib.a(open.o)
 .debug_info    0x0000000000019c47      0x3ce lib/lib.a(close.o)
 .debug_info    0x000000000001a015       0x3f lib/lib.a(errno.o)
 .debug_info    0x000000000001a054      0x400 lib/lib.a(write.o)
 .debug_info    0x000000000001a454      0x3ce lib/lib.a(dup.o)
 .debug_info    0x000000000001a822      0x3cb lib/lib.a(setsid.o)
 .debug_info    0x000000000001abed      0x3fc lib/lib.a(execve.o)
 .debug_info    0x000000000001afe9      0x428 lib/lib.a(wait.o)
 .debug_info    0x000000000001b411      0x705 lib/lib.a(string.o)

.debug_abbrev   0x0000000000000000     0x47d7
 *(.debug_abbrev)
 .debug_abbrev  0x0000000000000000      0x1d7 init/main.o
 .debug_abbrev  0x00000000000001d7     0x1913 kernel/kernel.o
 .debug_abbrev  0x0000000000001aea      0x1af mm/mm.o
 .debug_abbrev  0x0000000000001c99     0x23a9 fs/fs.o
 .debug_abbrev  0x0000000000004042       0x42 lib/lib.a(ctype.o)
 .debug_abbrev  0x0000000000004084       0xa3 lib/lib.a(_exit.o)
 .debug_abbrev  0x0000000000004127       0xdc lib/lib.a(open.o)
 .debug_abbrev  0x0000000000004203       0xb4 lib/lib.a(close.o)
 .debug_abbrev  0x00000000000042b7       0x30 lib/lib.a(errno.o)
 .debug_abbrev  0x00000000000042e7       0xd7 lib/lib.a(write.o)
 .debug_abbrev  0x00000000000043be       0xb4 lib/lib.a(dup.o)
 .debug_abbrev  0x0000000000004472       0xb2 lib/lib.a(setsid.o)
 .debug_abbrev  0x0000000000004524       0xbb lib/lib.a(execve.o)
 .debug_abbrev  0x00000000000045df       0xd0 lib/lib.a(wait.o)
 .debug_abbrev  0x00000000000046af      0x128 lib/lib.a(string.o)

.debug_line     0x0000000000000000     0x396d
 *(.debug_line)
 .debug_line    0x0000000000000000      0x11e init/main.o
 .debug_line    0x000000000000011e     0x1566 kernel/kernel.o
 .debug_line    0x0000000000001684      0x122 mm/mm.o
 .debug_line    0x00000000000017a6     0x1cff fs/fs.o
 .debug_line    0x00000000000034a5       0x28 lib/lib.a(ctype.o)
 .debug_line    0x00000000000034cd       0x50 lib/lib.a(_exit.o)
 .debug_line    0x000000000000351d       0x76 lib/lib.a(open.o)
 .debug_line    0x0000000000003593       0x6e lib/lib.a(close.o)
 .debug_line    0x0000000000003601       0x28 lib/lib.a(errno.o)
 .debug_line    0x0000000000003629       0x8c lib/lib.a(write.o)
 .debug_line    0x00000000000036b5       0x6c lib/lib.a(dup.o)
 .debug_line    0x0000000000003721       0x88 lib/lib.a(setsid.o)
 .debug_line    0x00000000000037a9       0x73 lib/lib.a(execve.o)
 .debug_line    0x000000000000381c       0x90 lib/lib.a(wait.o)
 .debug_line    0x00000000000038ac       0xc1 lib/lib.a(string.o)

.debug_frame
 *(.debug_frame)

.debug_str      0x0000000000000000     0x1d2f
 *(.debug_str)
 .debug_str     0x0000000000000000      0x3f5 init/main.o
                                        0x4a7 (size before relaxing)
 .debug_str     0x00000000000003f5      0xd56 kernel/kernel.o
                                       0x3481 (size before relaxing)
 .debug_str     0x000000000000114b      0x128 mm/mm.o
                                        0x1c3 (size before relaxing)
 .debug_str     0x0000000000001273      0x9ef fs/fs.o
                                       0x572e (size before relaxing)
 .debug_str     0x0000000000001c62       0x28 lib/lib.a(ctype.o)
                                         0x68 (size before relaxing)
 .debug_str     0x0000000000001c8a        0x8 lib/lib.a(_exit.o)
                                        0x286 (size before relaxing)
 .debug_str     0x0000000000000000        0x8 lib/lib.a(open.o)
                                        0x296 (size before relaxing)
 .debug_str     0x0000000000001c92        0x8 lib/lib.a(close.o)
                                        0x288 (size before relaxing)
 .debug_str     0x0000000000001c9a        0x8 lib/lib.a(errno.o)
                                         0x3a (size before relaxing)
 .debug_str     0x0000000000000000        0x8 lib/lib.a(write.o)
                                        0x294 (size before relaxing)
 .debug_str     0x0000000000001ca2        0x6 lib/lib.a(dup.o)
                                        0x280 (size before relaxing)
 .debug_str     0x0000000000001ca8        0x9 lib/lib.a(setsid.o)
                                        0x290 (size before relaxing)
 .debug_str     0x0000000000001cb1        0x9 lib/lib.a(execve.o)
                                        0x299 (size before relaxing)
 .debug_str     0x0000000000001cba       0x11 lib/lib.a(wait.o)
                                        0x2a6 (size before relaxing)
 .debug_str     0x0000000000001ccb       0x64 lib/lib.a(string.o)
                                         0xee (size before relaxing)

.debug_loc      0x0000000000000000     0xb9cd
 *(.debug_loc)
 .debug_loc     0x0000000000000000      0x256 init/main.o
 .debug_loc     0x0000000000000256     0x435c kernel/kernel.o
 .debug_loc     0x00000000000045b2      0x640 mm/mm.o
 .debug_loc     0x0000000000004bf2     0x6808 fs/fs.o
 .debug_loc     0x000000000000b3fa       0x2c lib/lib.a(_exit.o)
 .debug_loc     0x000000000000b426       0x3f lib/lib.a(open.o)
 .debug_loc     0x000000000000b465       0x3f lib/lib.a(close.o)
 .debug_loc     0x000000000000b4a4       0x57 lib/lib.a(write.o)
 .debug_loc     0x000000000000b4fb       0x3f lib/lib.a(dup.o)
 .debug_loc     0x000000000000b53a       0x13 lib/lib.a(setsid.o)
 .debug_loc     0x000000000000b54d       0x57 lib/lib.a(execve.o)
 .debug_loc     0x000000000000b5a4       0x83 lib/lib.a(wait.o)
 .debug_loc     0x000000000000b627      0x3a6 lib/lib.a(string.o)

.debug_macinfo
 *(.debug_macinfo)

.debug_weaknames
 *(.debug_weaknames)

.debug_funcnames
 *(.debug_funcnames)

.debug_typenames
 *(.debug_typenames)

.debug_varnames
 *(.debug_varnames)

.debug_pubtypes
 *(.debug_pubtypes)

.debug_ranges   0x0000000000000000      0x488
 *(.debug_ranges)
 .debug_ranges  0x0000000000000000      0x150 kernel/kernel.o
 .debug_ranges  0x0000000000000150      0x338 fs/fs.o

.gnu.attributes
 *(.gnu.attributes)

/DISCARD/
 *(.note.GNU-stack)
 *(.gnu_debuglink)
 *(.gnu.lto_*)
OUTPUT(tools/system elf32-i386)
