Archive member included because of file (symbol)

lib/lib.a(ctype.o)            kernel/kernel.o (_ctype)
lib/lib.a(_exit.o)            init/main.o (_exit)
lib/lib.a(open.o)             init/main.o (open)
lib/lib.a(close.o)            init/main.o (close)
lib/lib.a(errno.o)            init/main.o (errno)
lib/lib.a(write.o)            init/main.o (write)
lib/lib.a(dup.o)              init/main.o (dup)
lib/lib.a(setsid.o)           init/main.o (setsid)
lib/lib.a(execve.o)           init/main.o (execve)
lib/lib.a(wait.o)             init/main.o (wait)
lib/lib.a(string.o)           kernel/kernel.o (memcpy)

Allocating common symbols
Common symbol       size              file

clipboard           0xc8              kernel/kernel.o
ls_files            0x140             kernel/kernel.o
errno               0x4               lib/lib.a(errno.o)
hash_table          0x4cc             fs/fs.o
___strtok           0x4               lib/lib.a(string.o)
root_node           0x4               kernel/kernel.o
is_dir              0xa               kernel/kernel.o
encryption_key      0x400             kernel/kernel.o
user_stack          0x1000            kernel/kernel.o
current_dir_path    0x16              kernel/kernel.o
_ctmp               0x1               lib/lib.a(ctype.o)
children_inodes     0x14              kernel/kernel.o
cliboard_cursor     0x4               kernel/kernel.o
super_block         0x340             fs/fs.o
file_table          0x400             fs/fs.o

Discarded input sections

 .note.GNU-stack
                0x0000000000000000        0x0 init/main.o
 .note.GNU-stack
                0x0000000000000000        0x0 kernel/kernel.o
 .note.GNU-stack
                0x0000000000000000        0x0 mm/mm.o
 .note.GNU-stack
                0x0000000000000000        0x0 fs/fs.o
 .note.GNU-stack
                0x0000000000000000        0x0 lib/lib.a(ctype.o)
 .note.GNU-stack
                0x0000000000000000        0x0 lib/lib.a(_exit.o)
 .note.GNU-stack
                0x0000000000000000        0x0 lib/lib.a(open.o)
 .note.GNU-stack
                0x0000000000000000        0x0 lib/lib.a(close.o)
 .note.GNU-stack
                0x0000000000000000        0x0 lib/lib.a(errno.o)
 .note.GNU-stack
                0x0000000000000000        0x0 lib/lib.a(write.o)
 .note.GNU-stack
                0x0000000000000000        0x0 lib/lib.a(dup.o)
 .note.GNU-stack
                0x0000000000000000        0x0 lib/lib.a(setsid.o)
 .note.GNU-stack
                0x0000000000000000        0x0 lib/lib.a(execve.o)
 .note.GNU-stack
                0x0000000000000000        0x0 lib/lib.a(wait.o)
 .note.GNU-stack
                0x0000000000000000        0x0 lib/lib.a(string.o)

Memory Configuration

Name             Origin             Length             Attributes
*default*        0x0000000000000000 0xffffffffffffffff

Linker script and memory map

Address of section .text set to 0x0
LOAD boot/head.o
LOAD init/main.o
LOAD kernel/kernel.o
LOAD mm/mm.o
LOAD fs/fs.o
LOAD lib/lib.a
                0x0000000008048000                PROVIDE (__executable_start, 0x8048000)
                0x0000000008048094                . = (0x8048000 + SIZEOF_HEADERS)

.interp
 *(.interp)

.note.gnu.build-id
 *(.note.gnu.build-id)

.hash
 *(.hash)

.gnu.hash
 *(.gnu.hash)

.dynsym
 *(.dynsym)

.dynstr
 *(.dynstr)

.gnu.version
 *(.gnu.version)

.gnu.version_d
 *(.gnu.version_d)

.gnu.version_r
 *(.gnu.version_r)

.rel.dyn        0x0000000008048094        0x0
 *(.rel.init)
 *(.rel.text .rel.text.* .rel.gnu.linkonce.t.*)
 .rel.text      0x0000000000000000        0x0 boot/head.o
 *(.rel.fini)
 *(.rel.rodata .rel.rodata.* .rel.gnu.linkonce.r.*)
 *(.rel.data.rel.ro* .rel.gnu.linkonce.d.rel.ro.*)
 *(.rel.data .rel.data.* .rel.gnu.linkonce.d.*)
 .rel.data      0x0000000000000000        0x0 boot/head.o
 *(.rel.tdata .rel.tdata.* .rel.gnu.linkonce.td.*)
 *(.rel.tbss .rel.tbss.* .rel.gnu.linkonce.tb.*)
 *(.rel.ctors)
 *(.rel.dtors)
 *(.rel.got)
 *(.rel.bss .rel.bss.* .rel.gnu.linkonce.b.*)
 *(.rel.ifunc)

.rel.plt        0x0000000008048094        0x0
 *(.rel.plt)
                0x0000000008048094                PROVIDE (__rel_iplt_start, .)
 *(.rel.iplt)
 .rel.iplt      0x0000000000000000        0x0 boot/head.o
                0x0000000008048094                PROVIDE (__rel_iplt_end, .)

.init
 *(.init)

.plt            0x00000000080480a0        0x0
 *(.plt)
 *(.iplt)
 .iplt          0x0000000000000000        0x0 boot/head.o

.text           0x0000000000000000    0x10e51
 *(.text.unlikely .text.*_unlikely)
 *(.text.exit .text.exit.*)
 *(.text.startup .text.startup.*)
 *(.text.hot .text.hot.*)
 *(.text .stub .text.* .gnu.linkonce.t.*)
 .text          0x0000000000000000     0x5078 boot/head.o
                0x0000000000000000                startup_32
                0x0000000000000000                pg_dir
                0x0000000000004078                idt
                0x0000000000004878                gdt
 *fill*         0x0000000000005078        0x8 90909090
 .text          0x0000000000005080      0x370 init/main.o
                0x00000000000050c1                init
                0x0000000000005232                main
 .text          0x00000000000053f0     0x55a7 kernel/kernel.o
                0x00000000000053f0                sys_alarm
                0x0000000000005417                sys_getpid
                0x0000000000005423                sys_getppid
                0x000000000000542f                sys_getuid
                0x000000000000543c                sys_geteuid
                0x0000000000005449                sys_getgid
                0x0000000000005456                sys_getegid
                0x0000000000005463                sys_nice
                0x000000000000547c                sys_signal
                0x00000000000054b9                math_state_restore
                0x00000000000054f0                schedule
                0x00000000000055e1                sys_pause
                0x00000000000055f7                sleep_on
                0x0000000000005651                interruptible_sleep_on
                0x00000000000056bb                wake_up
                0x00000000000056d7                do_timer
                0x000000000000571d                sched_init
                0x0000000000005844                system_call
                0x0000000000005936                timer_interrupt
                0x000000000000596e                sys_execve
                0x000000000000597c                sys_fork
                0x0000000000005994                hd_interrupt
                0x0000000000005b41                do_double_fault
                0x0000000000005b5a                do_general_protection
                0x0000000000005b73                do_divide_error
                0x0000000000005b8c                do_int3
                0x0000000000005c44                do_nmi
                0x0000000000005c5d                do_debug
                0x0000000000005c76                do_overflow
                0x0000000000005c8f                do_bounds
                0x0000000000005ca8                do_invalid_op
                0x0000000000005cc1                do_device_not_available
                0x0000000000005cda                do_coprocessor_segment_overrun
                0x0000000000005cf3                do_invalid_TSS
                0x0000000000005d0c                do_segment_not_present
                0x0000000000005d25                do_stack_segment
                0x0000000000005d3e                do_coprocessor_error
                0x0000000000005d57                do_reserved
                0x0000000000005d70                trap_init
                0x0000000000005f2c                divide_error
                0x0000000000005f61                debug
                0x0000000000005f68                nmi
                0x0000000000005f6f                int3
                0x0000000000005f76                overflow
                0x0000000000005f7d                bounds
                0x0000000000005f84                invalid_op
                0x0000000000005f93                device_not_available
                0x0000000000005fc0                coprocessor_segment_overrun
                0x0000000000005fca                reserved
                0x0000000000005fd4                coprocessor_error
                0x0000000000005fde                double_fault
                0x0000000000006015                invalid_TSS
                0x000000000000601c                segment_not_present
                0x0000000000006023                stack_segment
                0x000000000000602a                general_protection
                0x0000000000006034                verify_area
                0x0000000000006099                copy_mem
                0x000000000000618f                copy_process
                0x000000000000641e                find_empty_process
                0x0000000000006480                panic
                0x000000000000649c                printk
                0x0000000000006726                vsprintf
                0x0000000000006a90                tty_init
                0x0000000000006aa1                tty_intr
                0x0000000000006ae6                copy_to_cooked
                0x0000000000006d66                tty_read
                0x000000000000702c                tty_write
                0x0000000000007209                do_tty_interrupt
                0x0000000000007230                print_clipboard
                0x0000000000007325                render_border
                0x000000000000747e                get_children_from_fs
                0x00000000000076cd                render_ls
                0x0000000000007897                clear_cliboard
                0x00000000000078bf                get_currsor_vm_pos
                0x00000000000078e4                move_cursor_col
                0x0000000000007920                print_to_clb
                0x00000000000079d7                f2_handle
                0x0000000000007a4a                short_len
                0x0000000000007a67                print_entry
                0x0000000000007ae0                short_to_str
                0x0000000000007b18                arrow_down_handle
                0x0000000000007bf7                arrow_up_handle
                0x0000000000007ccb                arrow_right_handle
                0x0000000000007d8c                arrow_left_handle
                0x0000000000007e32                space_handle
                0x0000000000007f38                csi_m
                0x0000000000007f93                con_write
                0x00000000000088fa                con_init
                0x00000000000089a7                keyboard_interrupt
                0x0000000000009278                rs1_interrupt
                0x0000000000009280                rs2_interrupt
                0x00000000000099e9                rw_hd
                0x0000000000009a92                sys_setup
                0x0000000000009b91                unexpected_hd_interrupt
                0x0000000000009ba4                hd_init
                0x0000000000009c14                sys_encr
                0x0000000000009d19                sys_decr
                0x0000000000009e13                sys_keyset
                0x0000000000009e4e                sys_keyclear
                0x0000000000009e64                sys_keygen
                0x0000000000009eac                sys_ftime
                0x0000000000009eb2                sys_mknod
                0x0000000000009eb8                sys_break
                0x0000000000009ebe                sys_mount
                0x0000000000009ec4                sys_umount
                0x0000000000009eca                sys_ustat
                0x0000000000009ed0                sys_ptrace
                0x0000000000009ed6                sys_stty
                0x0000000000009edc                sys_gtty
                0x0000000000009ee2                sys_rename
                0x0000000000009ee8                sys_prof
                0x0000000000009eee                sys_setgid
                0x0000000000009f4b                sys_acct
                0x0000000000009f51                sys_phys
                0x0000000000009f57                sys_lock
                0x0000000000009f5d                sys_mpx
                0x0000000000009f63                sys_ulimit
                0x0000000000009f69                sys_time
                0x0000000000009fbc                sys_setuid
                0x000000000000a015                sys_stime
                0x000000000000a062                sys_times
                0x000000000000a0bb                sys_brk
                0x000000000000a0ee                sys_setpgid
                0x000000000000a163                sys_getpgrp
                0x000000000000a16f                sys_setsid
                0x000000000000a1c4                sys_oldolduname
                0x000000000000a1dc                sys_uname
                0x000000000000a229                sys_umask
                0x000000000000a247                sys_null
                0x000000000000a270                release
                0x000000000000a2ca                do_kill
                0x000000000000a543                sys_kill
                0x000000000000a579                do_exit
                0x000000000000a70c                sys_exit
                0x000000000000a727                sys_waitpid
                0x000000000000a8ae                rs_init
                0x000000000000a906                rs_write
                0x000000000000a930                kernel_mktime
 *fill*         0x000000000000a997        0x1 90909090
 .text          0x000000000000a998      0x517 mm/mm.o
                0x000000000000a998                invalidate
                0x000000000000a9a1                copy_page
                0x000000000000a9c6                get_free_page
                0x000000000000a9fe                free_page
                0x000000000000aa5e                free_page_tables
                0x000000000000ab0e                copy_page_tables
                0x000000000000ac08                put_page
                0x000000000000acb5                un_wp_page
                0x000000000000ad45                do_wp_page
                0x000000000000ad75                write_verify
                0x000000000000adb4                do_no_page
                0x000000000000ade4                calc_mem
                0x000000000000ae78                page_fault
 *fill*         0x000000000000aeaf        0x1 90909090
 .text          0x000000000000aeb0     0x59e7 fs/fs.o
                0x000000000000aeb0                sys_utime
                0x000000000000af19                sys_access
                0x000000000000afb0                sys_chdir
                0x000000000000b013                sys_chroot
                0x000000000000b076                sys_chmod
                0x000000000000b10b                sys_chown
                0x000000000000b172                sys_open
                0x000000000000b306                sys_creat
                0x000000000000b329                sys_close
                0x000000000000b3b0                sys_lseek
                0x000000000000b46c                sys_read
                0x000000000000b5c7                sys_write
                0x000000000000badb                sync_inodes
                0x000000000000bb25                bmap
                0x000000000000bb3e                create_block
                0x000000000000bb57                iput
                0x000000000000bc45                get_empty_inode
                0x000000000000bd33                get_pipe_inode
                0x000000000000bd7a                iget
                0x000000000000bf67                sys_sync
                0x000000000000bfcf                brelse
                0x000000000000c021                get_hash_table
                0x000000000000c080                getblk
                0x000000000000c31f                bread
                0x000000000000c379                buffer_init
                0x000000000000c414                do_mount
                0x000000000000c61f                mount_root
                0x000000000000c770                block_write
                0x000000000000c853                block_read
                0x000000000000c92a                ll_rw_block
                0x000000000000c9f3                rw_char
                0x000000000000ca64                file_read
                0x000000000000cc85                file_write
                0x000000000000cf96                sys_stat
                0x000000000000cfdb                sys_lstat
                0x000000000000cff6                sys_fstat
                0x000000000000d039                sys_stat64
                0x000000000000d07e                sys_fstat64
                0x000000000000d0c1                sys_lstat64
                0x000000000000d0dc                sys_oldstat
                0x000000000000d0f4                sys_oldfstat
                0x000000000000d234                cp_block
                0x000000000000d269                is_valid_elf
                0x000000000000d2ae                read_file_block_ind
                0x000000000000d343                read_file_block
                0x000000000000d442                copy_section
                0x000000000000d530                create_bss_section
                0x000000000000d556                load_elf_binary
                0x000000000000d761                do_execve
                0x000000000000dbf4                read_pipe
                0x000000000000dc8d                write_pipe
                0x000000000000dd86                sys_pipe
                0x000000000000e3b9                namei
                0x000000000000e46f                open_namei
                0x000000000000e6d5                sys_mkdir
                0x000000000000e98a                sys_rmdir
                0x000000000000ecfc                sys_unlink
                0x000000000000ee98                sys_link
                0x000000000000f040                free_block
                0x000000000000f17b                new_block
                0x000000000000f2fe                free_inode
                0x000000000000f42a                new_inode
                0x000000000000f60a                sys_dup2
                0x000000000000f62a                sys_dup
                0x000000000000f63a                sys_fcntl
                0x000000000000f6f7                sys_fcntl64
                0x000000000000f74c                sys_ioctl
                0x000000000000f7e9                tty_ioctl
                0x000000000000fab5                truncate
                0x000000000000fbc0                sys_getdents
                0x000000000000fd4e                sys_getdents64
                0x000000000000fedc                rnd_key_gen
                0x0000000000010014                clear_key
                0x0000000000010021                is_power_of_two
                0x000000000001003c                set_key
                0x0000000000010099                userspace_string_cpy
                0x00000000000100c8                encrypt_block
                0x0000000000010268                encrypt_file
                0x00000000000102d6                decrypt_block
                0x00000000000104cb                decrypt_file
                0x0000000000010539                add_enc_list
                0x00000000000105fe                rm_enc_list
                0x0000000000010703                clear_enc_list
                0x000000000001076c                print_enc_list
                0x00000000000107fd                in_enc_list
 *fill*         0x0000000000010897        0x1 90909090
 .text          0x0000000000010898        0x0 lib/lib.a(ctype.o)
 .text          0x0000000000010898        0xe lib/lib.a(_exit.o)
                0x0000000000010898                _exit
 *fill*         0x00000000000108a6        0x2 90909090
 .text          0x00000000000108a8       0x3d lib/lib.a(open.o)
                0x00000000000108a8                open
 *fill*         0x00000000000108e5        0x3 90909090
 .text          0x00000000000108e8       0x23 lib/lib.a(close.o)
                0x00000000000108e8                close
 *fill*         0x000000000001090b        0x1 90909090
 .text          0x000000000001090c        0x0 lib/lib.a(errno.o)
 .text          0x000000000001090c       0x3d lib/lib.a(write.o)
                0x000000000001090c                write
 *fill*         0x0000000000010949        0x3 90909090
 .text          0x000000000001094c       0x23 lib/lib.a(dup.o)
                0x000000000001094c                dup
 *fill*         0x000000000001096f        0x1 90909090
 .text          0x0000000000010970       0x1e lib/lib.a(setsid.o)
                0x0000000000010970                setsid
 *fill*         0x000000000001098e        0x2 90909090
 .text          0x0000000000010990       0x3d lib/lib.a(execve.o)
                0x0000000000010990                execve
 *fill*         0x00000000000109cd        0x3 90909090
 .text          0x00000000000109d0       0x60 lib/lib.a(wait.o)
                0x00000000000109d0                waitpid
                0x0000000000010a0d                wait
 .text          0x0000000000010a30      0x421 lib/lib.a(string.o)
                0x0000000000010a30                strcpy
                0x0000000000010a58                strncpy
                0x0000000000010a89                strcat
                0x0000000000010abe                strncat
                0x0000000000010afd                strcmp
                0x0000000000010b2b                strncmp
                0x0000000000010b60                strchr
                0x0000000000010b7e                strrchr
                0x0000000000010b9f                strspn
                0x0000000000010bec                strcspn
                0x0000000000010c39                strpbrk
                0x0000000000010c7e                strstr
                0x0000000000010cc3                strlen
                0x0000000000010cdc                strtok
                0x0000000000010d6d                memcpy
                0x0000000000010d93                memmove
                0x0000000000010de1                memcmp
                0x0000000000010e15                memchr
                0x0000000000010e3b                memset
 *(.gnu.warning)

.fini
 *(.fini)
                0x0000000000010e51                PROVIDE (__etext, .)
                0x0000000000010e51                PROVIDE (_etext, .)
                0x0000000000010e51                PROVIDE (etext, .)

.rodata         0x0000000000010e60     0x10e8
 *(.rodata .rodata.* .gnu.linkonce.r.*)
 .rodata.str1.1
                0x0000000000010e60       0x68 init/main.o
 .rodata.str1.4
                0x0000000000010ec8       0x25 init/main.o
 *fill*         0x0000000000010eed       0x13 00
 .rodata        0x0000000000010f00      0x270 kernel/kernel.o
 .rodata.str1.1
                0x0000000000011170      0x2ea kernel/kernel.o
                                        0x2f3 (size before relaxing)
 *fill*         0x000000000001145a        0x2 00
 .rodata.str1.4
                0x000000000001145c      0x1fc kernel/kernel.o
 .rodata.str1.4
                0x0000000000011658       0xe9 mm/mm.o
 .rodata.str1.1
                0x0000000000011741       0x68 mm/mm.o
 *fill*         0x00000000000117a9       0x17 00
 .rodata        0x00000000000117c0       0xc4 fs/fs.o
 .rodata.str1.1
                0x0000000000011884      0x36a fs/fs.o
                                        0x371 (size before relaxing)
 *fill*         0x0000000000011bee        0x2 00
 .rodata.str1.4
                0x0000000000011bf0      0x358 fs/fs.o
                                        0x357 (size before relaxing)

.rodata1
 *(.rodata1)

.eh_frame_hdr
 *(.eh_frame_hdr)

.eh_frame       0x0000000000011f48     0x2768
 *(.eh_frame)
 .eh_frame      0x0000000000011f48       0x74 init/main.o
 .eh_frame      0x0000000000011fbc     0x1034 kernel/kernel.o
                                       0x116c (size before relaxing)
 .eh_frame      0x0000000000012ff0      0x1a8 mm/mm.o
                                        0x1c0 (size before relaxing)
 .eh_frame      0x0000000000013198     0x11bc fs/fs.o
                                       0x1384 (size before relaxing)
 .eh_frame      0x0000000000014354       0x1c lib/lib.a(_exit.o)
                                         0x34 (size before relaxing)
 .eh_frame      0x0000000000014370       0x20 lib/lib.a(open.o)
                                         0x38 (size before relaxing)
 .eh_frame      0x0000000000014390       0x1c lib/lib.a(close.o)
                                         0x34 (size before relaxing)
 .eh_frame      0x00000000000143ac       0x20 lib/lib.a(write.o)
                                         0x38 (size before relaxing)
 .eh_frame      0x00000000000143cc       0x1c lib/lib.a(dup.o)
                                         0x34 (size before relaxing)
 .eh_frame      0x00000000000143e8       0x14 lib/lib.a(setsid.o)
                                         0x2c (size before relaxing)
 .eh_frame      0x00000000000143fc       0x20 lib/lib.a(execve.o)
                                         0x38 (size before relaxing)
 .eh_frame      0x000000000001441c       0x38 lib/lib.a(wait.o)
                                         0x50 (size before relaxing)
 .eh_frame      0x0000000000014454      0x25c lib/lib.a(string.o)
                                        0x274 (size before relaxing)

.gcc_except_table
 *(.gcc_except_table .gcc_except_table.*)

.exception_ranges
 *(.exception_ranges .exception_ranges*)
                0x00000000000146b0                . = (ALIGN (0x1000) - ((0x1000 - .) & 0xfff))
                0x00000000000156b0                . = DATA_SEGMENT_ALIGN (0x1000, 0x1000)

.eh_frame
 *(.eh_frame)

.gcc_except_table
 *(.gcc_except_table .gcc_except_table.*)

.exception_ranges
 *(.exception_ranges .exception_ranges*)

.tdata
 *(.tdata .tdata.* .gnu.linkonce.td.*)

.tbss
 *(.tbss .tbss.* .gnu.linkonce.tb.*)
 *(.tcommon)

.preinit_array  0x00000000000156b0        0x0
                0x00000000000156b0                PROVIDE (__preinit_array_start, .)
 *(.preinit_array)
                0x00000000000156b0                PROVIDE (__preinit_array_end, .)

.init_array     0x00000000000156b0        0x0
                0x00000000000156b0                PROVIDE (__init_array_start, .)
 *(SORT(.init_array.*) SORT(.ctors.*))
 *(.init_array)
 *(EXCLUDE_FILE(*crtend?.o *crtend.o *crtbegin?.o *crtbegin.o) .ctors)
                0x00000000000156b0                PROVIDE (__init_array_end, .)

.fini_array     0x00000000000156b0        0x0
                0x00000000000156b0                PROVIDE (__fini_array_start, .)
 *(SORT(.fini_array.*) SORT(.dtors.*))
 *(.fini_array)
 *(EXCLUDE_FILE(*crtend?.o *crtend.o *crtbegin?.o *crtbegin.o) .dtors)
                0x00000000000156b0                PROVIDE (__fini_array_end, .)

.ctors
 *crtbegin.o(.ctors)
 *crtbegin?.o(.ctors)
 *(EXCLUDE_FILE(*crtend?.o *crtend.o) .ctors)
 *(SORT(.ctors.*))
 *(.ctors)

.dtors
 *crtbegin.o(.dtors)
 *crtbegin?.o(.dtors)
 *(EXCLUDE_FILE(*crtend?.o *crtend.o) .dtors)
 *(SORT(.dtors.*))
 *(.dtors)

.jcr
 *(.jcr)

.data.rel.ro
 *(.data.rel.ro.local* .gnu.linkonce.d.rel.ro.local.*)
 *(.data.rel.ro* .gnu.linkonce.d.rel.ro.*)

.dynamic
 *(.dynamic)

.got
 *(.got)
 *(.igot)
                0x00000000000156b0                . = DATA_SEGMENT_RELRO_END (., 0xc)

.got.plt        0x00000000000156b0        0x0
 *(.got.plt)
 *(.igot.plt)
 .igot.plt      0x0000000000000000        0x0 boot/head.o

.data           0x00000000000156c0     0x3e64
 *(.data .data.* .gnu.linkonce.d.*)
 .data          0x00000000000156c0        0x0 boot/head.o
 .data          0x00000000000156c0       0x18 init/main.o
 *fill*         0x00000000000156d8        0x8 00
 .data          0x00000000000156e0     0x3d2c kernel/kernel.o
                0x00000000000156e0                stack_start
                0x0000000000015700                task
                0x0000000000015800                current
                0x0000000000015820                sys_call_table
                0x0000000000016d20                table_list
                0x0000000000016d40                tty_table
 .data          0x000000000001940c        0x0 mm/mm.o
 .data          0x000000000001940c        0x4 fs/fs.o
                0x000000000001940c                start_buffer
 *fill*         0x0000000000019410       0x10 00
 .data          0x0000000000019420      0x101 lib/lib.a(ctype.o)
                0x0000000000019420                _ctype
 *fill*         0x0000000000019521        0x3 00
 .data          0x0000000000019524        0x0 lib/lib.a(_exit.o)
 .data          0x0000000000019524        0x0 lib/lib.a(open.o)
 .data          0x0000000000019524        0x0 lib/lib.a(close.o)
 .data          0x0000000000019524        0x0 lib/lib.a(errno.o)
 .data          0x0000000000019524        0x0 lib/lib.a(write.o)
 .data          0x0000000000019524        0x0 lib/lib.a(dup.o)
 .data          0x0000000000019524        0x0 lib/lib.a(setsid.o)
 .data          0x0000000000019524        0x0 lib/lib.a(execve.o)
 .data          0x0000000000019524        0x0 lib/lib.a(wait.o)
 .data          0x0000000000019524        0x0 lib/lib.a(string.o)

.data1
 *(.data1)
                0x0000000000019524                _edata = .
                0x0000000000019524                PROVIDE (edata, .)
                0x0000000000019524                __bss_start = .

.bss            0x0000000000019540     0x43cc
 *(.dynbss)
 *(.bss .bss.* .gnu.linkonce.b.*)
 .bss           0x0000000000019540        0x0 boot/head.o
 .bss           0x0000000000019540      0x400 init/main.o
 .bss           0x0000000000019940      0x9ec kernel/kernel.o
                0x0000000000019940                last_task_used_math
                0x0000000000019944                startup_time
                0x0000000000019948                jiffies
                0x000000000001994c                last_pid
                0x0000000000019d80                scrupt_state_flag
                0x0000000000019d84                init_flag
                0x0000000000019d86                current_dir_len
                0x0000000000019d88                selected_row_index
                0x0000000000019e20                do_hd
 *fill*         0x000000000001a32c       0x14 00
 .bss           0x000000000001a340      0xc00 mm/mm.o
 .bss           0x000000000001af40      0x710 fs/fs.o
                0x000000000001af40                inode_table
                0x000000000001b644                nr_buffers
 .bss           0x000000000001b650        0x0 lib/lib.a(ctype.o)
 .bss           0x000000000001b650        0x0 lib/lib.a(_exit.o)
 .bss           0x000000000001b650        0x0 lib/lib.a(open.o)
 .bss           0x000000000001b650        0x0 lib/lib.a(close.o)
 .bss           0x000000000001b650        0x0 lib/lib.a(errno.o)
 .bss           0x000000000001b650        0x0 lib/lib.a(write.o)
 .bss           0x000000000001b650        0x0 lib/lib.a(dup.o)
 .bss           0x000000000001b650        0x0 lib/lib.a(setsid.o)
 .bss           0x000000000001b650        0x0 lib/lib.a(execve.o)
 .bss           0x000000000001b650        0x0 lib/lib.a(wait.o)
 .bss           0x000000000001b650        0x0 lib/lib.a(string.o)
 *(COMMON)
 *fill*         0x000000000001b650       0x10 00
 COMMON         0x000000000001b660     0x166e kernel/kernel.o
                0x000000000001b660                clipboard
                0x000000000001b740                ls_files
                0x000000000001b880                root_node
                0x000000000001b884                is_dir
                0x000000000001b8a0                encryption_key
                0x000000000001bca0                user_stack
                0x000000000001cca0                current_dir_path
                0x000000000001ccb6                children_inodes
                0x000000000001ccca                cliboard_cursor
 *fill*         0x000000000001ccce       0x12 00
 COMMON         0x000000000001cce0      0xc20 fs/fs.o
                0x000000000001cce0                hash_table
                0x000000000001d1c0                super_block
                0x000000000001d500                file_table
 COMMON         0x000000000001d900        0x1 lib/lib.a(ctype.o)
                0x000000000001d900                _ctmp
 *fill*         0x000000000001d901        0x3 00
 COMMON         0x000000000001d904        0x4 lib/lib.a(errno.o)
                0x000000000001d904                errno
 COMMON         0x000000000001d908        0x4 lib/lib.a(string.o)
                0x000000000001d908                ___strtok
                0x000000000001d90c                . = ALIGN ((. != 0x0)?0x4:0x1)
                0x000000000001d90c                . = ALIGN (0x4)
                0x000000000001d90c                . = ALIGN (0x4)
                0x000000000001d90c                _end = .
                0x000000000001d90c                PROVIDE (end, .)
                0x000000000001d90c                . = DATA_SEGMENT_END (.)

.stab
 *(.stab)

.stabstr
 *(.stabstr)

.stab.excl
 *(.stab.excl)

.stab.exclstr
 *(.stab.exclstr)

.stab.index
 *(.stab.index)

.stab.indexstr
 *(.stab.indexstr)

.comment        0x0000000000000000       0x2a
 *(.comment)
 .comment       0x0000000000000000       0x2a init/main.o
                                         0x2b (size before relaxing)
 .comment       0x0000000000000000      0x22f kernel/kernel.o
 .comment       0x0000000000000000       0x2b mm/mm.o
 .comment       0x0000000000000000      0x35c fs/fs.o
 .comment       0x0000000000000000       0x2b lib/lib.a(ctype.o)
 .comment       0x0000000000000000       0x2b lib/lib.a(_exit.o)
 .comment       0x0000000000000000       0x2b lib/lib.a(open.o)
 .comment       0x0000000000000000       0x2b lib/lib.a(close.o)
 .comment       0x0000000000000000       0x2b lib/lib.a(errno.o)
 .comment       0x0000000000000000       0x2b lib/lib.a(write.o)
 .comment       0x0000000000000000       0x2b lib/lib.a(dup.o)
 .comment       0x0000000000000000       0x2b lib/lib.a(setsid.o)
 .comment       0x0000000000000000       0x2b lib/lib.a(execve.o)
 .comment       0x0000000000000000       0x2b lib/lib.a(wait.o)
 .comment       0x0000000000000000       0x2b lib/lib.a(string.o)

.debug
 *(.debug)

.line
 *(.line)

.debug_srcinfo
 *(.debug_srcinfo)

.debug_sfnames
 *(.debug_sfnames)

.debug_aranges  0x0000000000000000      0x560
 *(.debug_aranges)
 .debug_aranges
                0x0000000000000000       0x20 init/main.o
 .debug_aranges
                0x0000000000000020      0x1a0 kernel/kernel.o
 .debug_aranges
                0x00000000000001c0       0x20 mm/mm.o
 .debug_aranges
                0x00000000000001e0      0x260 fs/fs.o
 .debug_aranges
                0x0000000000000440       0x20 lib/lib.a(_exit.o)
 .debug_aranges
                0x0000000000000460       0x20 lib/lib.a(open.o)
 .debug_aranges
                0x0000000000000480       0x20 lib/lib.a(close.o)
 .debug_aranges
                0x00000000000004a0       0x20 lib/lib.a(write.o)
 .debug_aranges
                0x00000000000004c0       0x20 lib/lib.a(dup.o)
 .debug_aranges
                0x00000000000004e0       0x20 lib/lib.a(setsid.o)
 .debug_aranges
                0x0000000000000500       0x20 lib/lib.a(execve.o)
 .debug_aranges
                0x0000000000000520       0x20 lib/lib.a(wait.o)
 .debug_aranges
                0x0000000000000540       0x20 lib/lib.a(string.o)

.debug_pubnames
 *(.debug_pubnames)

.debug_info     0x0000000000000000    0x1c781
 *(.debug_info .gnu.linkonce.wi.*)
 .debug_info    0x0000000000000000      0xccf init/main.o
 .debug_info    0x0000000000000ccf     0x9966 kernel/kernel.o
 .debug_info    0x000000000000a635      0x4d6 mm/mm.o
 .debug_info    0x000000000000ab0b     0xf585 fs/fs.o
 .debug_info    0x000000000001a090       0x70 lib/lib.a(ctype.o)
 .debug_info    0x000000000001a100      0x3af lib/lib.a(_exit.o)
 .debug_info    0x000000000001a4af      0x403 lib/lib.a(open.o)
 .debug_info    0x000000000001a8b2      0x3ce lib/lib.a(close.o)
 .debug_info    0x000000000001ac80       0x3f lib/lib.a(errno.o)
 .debug_info    0x000000000001acbf      0x400 lib/lib.a(write.o)
 .debug_info    0x000000000001b0bf      0x3ce lib/lib.a(dup.o)
 .debug_info    0x000000000001b48d      0x3cb lib/lib.a(setsid.o)
 .debug_info    0x000000000001b858      0x3fc lib/lib.a(execve.o)
 .debug_info    0x000000000001bc54      0x428 lib/lib.a(wait.o)
 .debug_info    0x000000000001c07c      0x705 lib/lib.a(string.o)

.debug_abbrev   0x0000000000000000     0x4986
 *(.debug_abbrev)
 .debug_abbrev  0x0000000000000000      0x1d7 init/main.o
 .debug_abbrev  0x00000000000001d7     0x19a4 kernel/kernel.o
 .debug_abbrev  0x0000000000001b7b      0x1af mm/mm.o
 .debug_abbrev  0x0000000000001d2a     0x24c7 fs/fs.o
 .debug_abbrev  0x00000000000041f1       0x42 lib/lib.a(ctype.o)
 .debug_abbrev  0x0000000000004233       0xa3 lib/lib.a(_exit.o)
 .debug_abbrev  0x00000000000042d6       0xdc lib/lib.a(open.o)
 .debug_abbrev  0x00000000000043b2       0xb4 lib/lib.a(close.o)
 .debug_abbrev  0x0000000000004466       0x30 lib/lib.a(errno.o)
 .debug_abbrev  0x0000000000004496       0xd7 lib/lib.a(write.o)
 .debug_abbrev  0x000000000000456d       0xb4 lib/lib.a(dup.o)
 .debug_abbrev  0x0000000000004621       0xb2 lib/lib.a(setsid.o)
 .debug_abbrev  0x00000000000046d3       0xbb lib/lib.a(execve.o)
 .debug_abbrev  0x000000000000478e       0xd0 lib/lib.a(wait.o)
 .debug_abbrev  0x000000000000485e      0x128 lib/lib.a(string.o)

.debug_line     0x0000000000000000     0x3bd7
 *(.debug_line)
 .debug_line    0x0000000000000000      0x11e init/main.o
 .debug_line    0x000000000000011e     0x15b7 kernel/kernel.o
 .debug_line    0x00000000000016d5      0x122 mm/mm.o
 .debug_line    0x00000000000017f7     0x1f18 fs/fs.o
 .debug_line    0x000000000000370f       0x28 lib/lib.a(ctype.o)
 .debug_line    0x0000000000003737       0x50 lib/lib.a(_exit.o)
 .debug_line    0x0000000000003787       0x76 lib/lib.a(open.o)
 .debug_line    0x00000000000037fd       0x6e lib/lib.a(close.o)
 .debug_line    0x000000000000386b       0x28 lib/lib.a(errno.o)
 .debug_line    0x0000000000003893       0x8c lib/lib.a(write.o)
 .debug_line    0x000000000000391f       0x6c lib/lib.a(dup.o)
 .debug_line    0x000000000000398b       0x88 lib/lib.a(setsid.o)
 .debug_line    0x0000000000003a13       0x73 lib/lib.a(execve.o)
 .debug_line    0x0000000000003a86       0x90 lib/lib.a(wait.o)
 .debug_line    0x0000000000003b16       0xc1 lib/lib.a(string.o)

.debug_frame
 *(.debug_frame)

.debug_str      0x0000000000000000     0x1e1e
 *(.debug_str)
 .debug_str     0x0000000000000000      0x3f5 init/main.o
                                        0x4a7 (size before relaxing)
 .debug_str     0x00000000000003f5      0xd74 kernel/kernel.o
                                       0x34bc (size before relaxing)
 .debug_str     0x0000000000001169      0x128 mm/mm.o
                                        0x1c3 (size before relaxing)
 .debug_str     0x0000000000001291      0xac0 fs/fs.o
                                       0x59e9 (size before relaxing)
 .debug_str     0x0000000000001d51       0x28 lib/lib.a(ctype.o)
                                         0x68 (size before relaxing)
 .debug_str     0x0000000000001d79        0x8 lib/lib.a(_exit.o)
                                        0x286 (size before relaxing)
 .debug_str     0x0000000000000000        0x8 lib/lib.a(open.o)
                                        0x296 (size before relaxing)
 .debug_str     0x0000000000001d81        0x8 lib/lib.a(close.o)
                                        0x288 (size before relaxing)
 .debug_str     0x0000000000001d89        0x8 lib/lib.a(errno.o)
                                         0x3a (size before relaxing)
 .debug_str     0x0000000000000000        0x8 lib/lib.a(write.o)
                                        0x294 (size before relaxing)
 .debug_str     0x0000000000001d91        0x6 lib/lib.a(dup.o)
                                        0x280 (size before relaxing)
 .debug_str     0x0000000000001d97        0x9 lib/lib.a(setsid.o)
                                        0x290 (size before relaxing)
 .debug_str     0x0000000000001da0        0x9 lib/lib.a(execve.o)
                                        0x299 (size before relaxing)
 .debug_str     0x0000000000001da9       0x11 lib/lib.a(wait.o)
                                        0x2a6 (size before relaxing)
 .debug_str     0x0000000000001dba       0x64 lib/lib.a(string.o)
                                         0xee (size before relaxing)

.debug_loc      0x0000000000000000     0xc637
 *(.debug_loc)
 .debug_loc     0x0000000000000000      0x256 init/main.o
 .debug_loc     0x0000000000000256     0x44e0 kernel/kernel.o
 .debug_loc     0x0000000000004736      0x640 mm/mm.o
 .debug_loc     0x0000000000004d76     0x72ee fs/fs.o
 .debug_loc     0x000000000000c064       0x2c lib/lib.a(_exit.o)
 .debug_loc     0x000000000000c090       0x3f lib/lib.a(open.o)
 .debug_loc     0x000000000000c0cf       0x3f lib/lib.a(close.o)
 .debug_loc     0x000000000000c10e       0x57 lib/lib.a(write.o)
 .debug_loc     0x000000000000c165       0x3f lib/lib.a(dup.o)
 .debug_loc     0x000000000000c1a4       0x13 lib/lib.a(setsid.o)
 .debug_loc     0x000000000000c1b7       0x57 lib/lib.a(execve.o)
 .debug_loc     0x000000000000c20e       0x83 lib/lib.a(wait.o)
 .debug_loc     0x000000000000c291      0x3a6 lib/lib.a(string.o)

.debug_macinfo
 *(.debug_macinfo)

.debug_weaknames
 *(.debug_weaknames)

.debug_funcnames
 *(.debug_funcnames)

.debug_typenames
 *(.debug_typenames)

.debug_varnames
 *(.debug_varnames)

.debug_pubtypes
 *(.debug_pubtypes)

.debug_ranges   0x0000000000000000      0x4a0
 *(.debug_ranges)
 .debug_ranges  0x0000000000000000      0x150 kernel/kernel.o
 .debug_ranges  0x0000000000000150      0x350 fs/fs.o

.gnu.attributes
 *(.gnu.attributes)

/DISCARD/
 *(.note.GNU-stack)
 *(.gnu_debuglink)
 *(.gnu.lto_*)
OUTPUT(tools/system elf32-i386)
